Component: ARM Compiler 5.06 update 6 (build 750) Tool: armlink [4d35ed]

==============================================================================

Section Cross References

    system_stm32f10x.o(i.SetSysClock) refers to system_stm32f10x.o(i.SetSysClockTo72) for SetSysClockTo72
    system_stm32f10x.o(i.SystemCoreClockUpdate) refers to system_stm32f10x.o(.data) for SystemCoreClock
    system_stm32f10x.o(i.SystemInit) refers to system_stm32f10x.o(i.SetSysClock) for SetSysClock
    startup_stm32f10x_md.o(RESET) refers to startup_stm32f10x_md.o(STACK) for __initial_sp
    startup_stm32f10x_md.o(RESET) refers to startup_stm32f10x_md.o(.text) for Reset_Handler
    startup_stm32f10x_md.o(RESET) refers to stm32f10x_it.o(i.NMI_Handler) for NMI_Handler
    startup_stm32f10x_md.o(RESET) refers to context_rvds.o(.text) for HardFault_Handler
    startup_stm32f10x_md.o(RESET) refers to stm32f10x_it.o(i.MemManage_Handler) for MemManage_Handler
    startup_stm32f10x_md.o(RESET) refers to stm32f10x_it.o(i.BusFault_Handler) for BusFault_Handler
    startup_stm32f10x_md.o(RESET) refers to stm32f10x_it.o(i.UsageFault_Handler) for UsageFault_Handler
    startup_stm32f10x_md.o(RESET) refers to stm32f10x_it.o(i.SVC_Handler) for SVC_Handler
    startup_stm32f10x_md.o(RESET) refers to stm32f10x_it.o(i.DebugMon_Handler) for DebugMon_Handler
    startup_stm32f10x_md.o(RESET) refers to board.o(i.SysTick_Handler) for SysTick_Handler
    startup_stm32f10x_md.o(RESET) refers to usart.o(i.USART1_IRQHandler) for USART1_IRQHandler
    startup_stm32f10x_md.o(.text) refers to system_stm32f10x.o(i.SystemInit) for SystemInit
    startup_stm32f10x_md.o(.text) refers to entry.o(.ARM.Collect$$$$00000000) for __main
    stm32f10x_adc.o(i.ADC_DeInit) refers to stm32f10x_rcc.o(i.RCC_APB2PeriphResetCmd) for RCC_APB2PeriphResetCmd
    stm32f10x_bkp.o(i.BKP_DeInit) refers to stm32f10x_rcc.o(i.RCC_BackupResetCmd) for RCC_BackupResetCmd
    stm32f10x_can.o(i.CAN_DeInit) refers to stm32f10x_rcc.o(i.RCC_APB1PeriphResetCmd) for RCC_APB1PeriphResetCmd
    stm32f10x_can.o(i.CAN_GetITStatus) refers to stm32f10x_can.o(i.CheckITStatus) for CheckITStatus
    stm32f10x_cec.o(i.CEC_DeInit) refers to stm32f10x_rcc.o(i.RCC_APB1PeriphResetCmd) for RCC_APB1PeriphResetCmd
    stm32f10x_dac.o(i.DAC_DeInit) refers to stm32f10x_rcc.o(i.RCC_APB1PeriphResetCmd) for RCC_APB1PeriphResetCmd
    stm32f10x_flash.o(i.FLASH_EnableWriteProtection) refers to stm32f10x_flash.o(i.FLASH_WaitForLastOperation) for FLASH_WaitForLastOperation
    stm32f10x_flash.o(i.FLASH_EraseAllBank1Pages) refers to stm32f10x_flash.o(i.FLASH_WaitForLastBank1Operation) for FLASH_WaitForLastBank1Operation
    stm32f10x_flash.o(i.FLASH_EraseAllPages) refers to stm32f10x_flash.o(i.FLASH_WaitForLastOperation) for FLASH_WaitForLastOperation
    stm32f10x_flash.o(i.FLASH_EraseOptionBytes) refers to stm32f10x_flash.o(i.FLASH_GetReadOutProtectionStatus) for FLASH_GetReadOutProtectionStatus
    stm32f10x_flash.o(i.FLASH_EraseOptionBytes) refers to stm32f10x_flash.o(i.FLASH_WaitForLastOperation) for FLASH_WaitForLastOperation
    stm32f10x_flash.o(i.FLASH_ErasePage) refers to stm32f10x_flash.o(i.FLASH_WaitForLastOperation) for FLASH_WaitForLastOperation
    stm32f10x_flash.o(i.FLASH_ProgramHalfWord) refers to stm32f10x_flash.o(i.FLASH_WaitForLastOperation) for FLASH_WaitForLastOperation
    stm32f10x_flash.o(i.FLASH_ProgramOptionByteData) refers to stm32f10x_flash.o(i.FLASH_WaitForLastOperation) for FLASH_WaitForLastOperation
    stm32f10x_flash.o(i.FLASH_ProgramWord) refers to stm32f10x_flash.o(i.FLASH_WaitForLastOperation) for FLASH_WaitForLastOperation
    stm32f10x_flash.o(i.FLASH_ReadOutProtection) refers to stm32f10x_flash.o(i.FLASH_WaitForLastOperation) for FLASH_WaitForLastOperation
    stm32f10x_flash.o(i.FLASH_UserOptionByteConfig) refers to stm32f10x_flash.o(i.FLASH_WaitForLastOperation) for FLASH_WaitForLastOperation
    stm32f10x_flash.o(i.FLASH_WaitForLastBank1Operation) refers to stm32f10x_flash.o(i.FLASH_GetBank1Status) for FLASH_GetBank1Status
    stm32f10x_flash.o(i.FLASH_WaitForLastOperation) refers to stm32f10x_flash.o(i.FLASH_GetBank1Status) for FLASH_GetBank1Status
    stm32f10x_gpio.o(i.GPIO_AFIODeInit) refers to stm32f10x_rcc.o(i.RCC_APB2PeriphResetCmd) for RCC_APB2PeriphResetCmd
    stm32f10x_gpio.o(i.GPIO_DeInit) refers to stm32f10x_rcc.o(i.RCC_APB2PeriphResetCmd) for RCC_APB2PeriphResetCmd
    stm32f10x_i2c.o(i.I2C_DeInit) refers to stm32f10x_rcc.o(i.RCC_APB1PeriphResetCmd) for RCC_APB1PeriphResetCmd
    stm32f10x_i2c.o(i.I2C_Init) refers to stm32f10x_rcc.o(i.RCC_GetClocksFreq) for RCC_GetClocksFreq
    stm32f10x_pwr.o(i.PWR_DeInit) refers to stm32f10x_rcc.o(i.RCC_APB1PeriphResetCmd) for RCC_APB1PeriphResetCmd
    stm32f10x_rcc.o(i.RCC_GetClocksFreq) refers to stm32f10x_rcc.o(.data) for APBAHBPrescTable
    stm32f10x_rcc.o(i.RCC_WaitForHSEStartUp) refers to stm32f10x_rcc.o(i.RCC_GetFlagStatus) for RCC_GetFlagStatus
[...]
    i.lcd_st7789_trans_byte                  0x080016ec   Section        0  lcd_st7789.o(i.lcd_st7789_trans_byte)
    lcd_st7789_trans_byte                    0x080016ed   Thumb Code    26  lcd_st7789.o(i.lcd_st7789_trans_byte)
    i.list                                   0x0800170c   Section        0  cmd.o(i.list)
    i.list_event                             0x08001774   Section        0  cmd.o(i.list_event)
    i.list_find_init                         0x080018b8   Section        0  cmd.o(i.list_find_init)
    list_find_init                           0x080018b9   Thumb Code    42  cmd.o(i.list_find_init)
    i.list_get_next                          0x080018e2   Section        0  cmd.o(i.list_get_next)
    list_get_next                            0x080018e3   Thumb Code   136  cmd.o(i.list_get_next)
    i.list_mem                               0x0800196c   Section        0  mem.o(i.list_mem)
    i.list_mutex                             0x080019e4   Section        0  cmd.o(i.list_mutex)
    i.list_sem                               0x08001af4   Section        0  cmd.o(i.list_sem)
    i.list_thread                            0x08001c2c   Section        0  cmd.o(i.list_thread)
    i.list_timer                             0x08001e10   Section        0  cmd.o(i.list_timer)
    i.main                                   0x08001f70   Section        0  main.o(i.main)
    i.main_thread_entry                      0x08001f7e   Section        0  components.o(i.main_thread_entry)
    i.mem_manage_fault_track                 0x08001f8c   Section        0  cpuport.o(i.mem_manage_fault_track)
    mem_manage_fault_track                   0x08001f8d   Thumb Code   114  cpuport.o(i.mem_manage_fault_track)
    i.msh_auto_complete                      0x08002074   Section        0  msh.o(i.msh_auto_complete)
    i.msh_exec                               0x08002114   Section        0  msh.o(i.msh_exec)
    i.msh_get_cmd                            0x08002180   Section        0  msh.o(i.msh_get_cmd)
    msh_get_cmd                              0x08002181   Thumb Code    76  msh.o(i.msh_get_cmd)
    i.msh_help                               0x080021dc   Section        0  msh.o(i.msh_help)
    i.msh_is_used                            0x0800225c   Section        0  msh.o(i.msh_is_used)
    i.msh_split                              0x08002260   Section        0  msh.o(i.msh_split)
    msh_split                                0x08002261   Thumb Code   202  msh.o(i.msh_split)
    i.my_getc                                0x08002350   Section        0  usart.o(i.my_getc)
    i.my_putc                                0x0800236c   Section        0  usart.o(i.my_putc)
    i.object_split                           0x08002388   Section        0  cmd.o(i.object_split)
    object_split                             0x08002389   Thumb Code    22  cmd.o(i.object_split)
    i.plug_holes                             0x080023a4   Section        0  mem.o(i.plug_holes)
    plug_holes                               0x080023a5   Thumb Code   160  mem.o(i.plug_holes)
    i.print_number                           0x080024b0   Section        0  kservice.o(i.print_number)
    print_number                             0x080024b1   Thumb Code   400  kservice.o(i.print_number)
    i.reboot                                 0x08002648   Section        0  user_cmd.o(i.reboot)
    reboot                                   0x08002649   Thumb Code    12  user_cmd.o(i.reboot)
    i.rt_application_init                    0x08002654   Section        0  components.o(i.rt_application_init)
    i.rt_assert_handler                      0x080026a4   Section        0  kservice.o(i.rt_assert_handler)
    i.rt_calloc                              0x08002718   Section        0  mem.o(i.rt_calloc)
    i.rt_components_board_init               0x0800273c   Section        0  components.o(i.rt_components_board_init)
    i.rt_components_init                     0x08002758   Section        0  components.o(i.rt_components_init)
    i.rt_enter_critical                      0x08002774   Section        0  scheduler.o(i.rt_enter_critical)
    i.rt_exit_critical                       0x08002794   Section        0  scheduler.o(i.rt_exit_critical)
    i.rt_free                                0x080027d8   Section        0  mem.o(i.rt_free)
    i.rt_heap_begin_get                      0x080029e4   Section        0  board.o(i.rt_heap_begin_get)
    i.rt_heap_end_get                        0x080029ec   Section        0  board.o(i.rt_heap_end_get)
    i.rt_hw_board_init                       0x080029f4   Section        0  board.o(i.rt_hw_board_init)
    i.rt_hw_console_getchar                  0x08002a38   Section        0  board.o(i.rt_hw_console_getchar)
    i.rt_hw_console_output                   0x08002a40   Section        0  board.o(i.rt_hw_console_output)
    i.rt_hw_cpu_reset                        0x08002a74   Section        0  cpuport.o(i.rt_hw_cpu_reset)
    i.rt_hw_hard_fault_exception             0x08002a84   Section        0  cpuport.o(i.rt_hw_hard_fault_exception)
    i.rt_hw_stack_init                       0x08002c8c   Section        0  cpuport.o(i.rt_hw_stack_init)
    i.rt_interrupt_enter                     0x08002cd8   Section        0  irq.o(i.rt_interrupt_enter)
    i.rt_interrupt_get_nest                  0x08002d10   Section        0  irq.o(i.rt_interrupt_get_nest)
    i.rt_interrupt_leave                     0x08002d1c   Section        0  irq.o(i.rt_interrupt_leave)
    i.rt_ipc_list_resume                     0x08002d54   Section        0  ipc.o(i.rt_ipc_list_resume)
    rt_ipc_list_resume                       0x08002d55   Thumb Code    24  ipc.o(i.rt_ipc_list_resume)
    i.rt_ipc_list_suspend                    0x08002d6c   Section        0  ipc.o(i.rt_ipc_list_suspend)
    rt_ipc_list_suspend                      0x08002d6d   Thumb Code   108  ipc.o(i.rt_ipc_list_suspend)
    i.rt_ipc_object_init                     0x08002dd8   Section        0  ipc.o(i.rt_ipc_object_init)
    rt_ipc_object_init                       0x08002dd9   Thumb Code    16  ipc.o(i.rt_ipc_object_init)
    i.rt_kprintf                             0x08002de8   Section        0  kservice.o(i.rt_kprintf)
    i.rt_list_init                           0x08002e18   Section        0  scheduler.o(i.rt_list_init)
    rt_list_init                             0x08002e19   Thumb Code     6  scheduler.o(i.rt_list_init)
    i.rt_list_init                           0x08002e1e   Section        0  timer.o(i.rt_list_init)
    rt_list_init                             0x08002e1f   Thumb Code     6  timer.o(i.rt_list_init)
    i.rt_list_insert_after                   0x08002e24   Section        0  object.o(i.rt_list_insert_after)
    rt_list_insert_after                     0x08002e25   Thumb Code    14  object.o(i.rt_list_insert_after)
    i.rt_list_insert_after                   0x08002e32   Section        0  thread.o(i.rt_list_insert_after)
    rt_list_insert_after                     0x08002e33   Thumb Code    14  thread.o(i.rt_list_insert_after)
    i.rt_list_insert_after                   0x08002e40   Section        0  timer.o(i.rt_list_insert_after)
    rt_list_insert_after                     0x08002e41   Thumb Code    14  timer.o(i.rt_list_insert_after)
    i.rt_list_insert_before                  0x08002e4e   Section        0  ipc.o(i.rt_list_insert_before)
    rt_list_insert_before                    0x08002e4f   Thumb Code    14  ipc.o(i.rt_list_insert_before)
    i.rt_list_isempty                        0x08002e5c   Section        0  ipc.o(i.rt_list_isempty)
    rt_list_isempty                          0x08002e5d   Thumb Code    16  ipc.o(i.rt_list_isempty)
    i.rt_list_isempty                        0x08002e6c   Section        0  timer.o(i.rt_list_isempty)
    rt_list_isempty                          0x08002e6d   Thumb Code    16  timer.o(i.rt_list_isempty)
    i.rt_list_isempty                        0x08002e7c   Section        0  cmd.o(i.rt_list_isempty)
    rt_list_isempty                          0x08002e7d   Thumb Code    16  cmd.o(i.rt_list_isempty)
    i.rt_list_len                            0x08002e8c   Section        0  cmd.o(i.rt_list_len)
    rt_list_len                              0x08002e8d   Thumb Code    20  cmd.o(i.rt_list_len)
    i.rt_list_remove                         0x08002ea0   Section        0  object.o(i.rt_list_remove)
    rt_list_remove                           0x08002ea1   Thumb Code    18  object.o(i.rt_list_remove)
    i.rt_list_remove                         0x08002eb2   Section        0  thread.o(i.rt_list_remove)
    rt_list_remove                           0x08002eb3   Thumb Code    18  thread.o(i.rt_list_remove)
    i.rt_malloc                              0x08002ec4   Section        0  mem.o(i.rt_malloc)
    i.rt_memmove                             0x08003180   Section        0  kservice.o(i.rt_memmove)
    i.rt_memset                              0x080031c2   Section        0  kservice.o(i.rt_memset)
    i.rt_object_allocate                     0x0800320c   Section        0  object.o(i.rt_object_allocate)
    i.rt_object_delete                       0x080032f8   Section        0  object.o(i.rt_object_delete)
    i.rt_object_detach                       0x08003398   Section        0  object.o(i.rt_object_detach)
    i.rt_object_get_information              0x080033f4   Section        0  object.o(i.rt_object_get_information)
    i.rt_object_get_type                     0x0800341c   Section        0  object.o(i.rt_object_get_type)
    i.rt_object_init                         0x08003450   Section        0  object.o(i.rt_object_init)
    i.rt_object_is_systemobject              0x08003504   Section        0  object.o(i.rt_object_is_systemobject)
    i.rt_schedule                            0x08003540   Section        0  scheduler.o(i.rt_schedule)
    i.rt_schedule_insert_thread              0x080035e4   Section        0  scheduler.o(i.rt_schedule_insert_thread)
    i.rt_schedule_remove_thread              0x08003660   Section        0  scheduler.o(i.rt_schedule_remove_thread)
    i.rt_sem_init                            0x080036e0   Section        0  ipc.o(i.rt_sem_init)
    i.rt_sem_release                         0x0800374c   Section        0  ipc.o(i.rt_sem_release)
    i.rt_sem_take                            0x080037dc   Section        0  ipc.o(i.rt_sem_take)
    i.rt_show_version                        0x08003980   Section        0  kservice.o(i.rt_show_version)
    i.rt_strlen                              0x08003a30   Section        0  kservice.o(i.rt_strlen)
    i.rt_strncpy                             0x08003a42   Section        0  kservice.o(i.rt_strncpy)
    i.rt_system_heap_init                    0x08003a78   Section        0  mem.o(i.rt_system_heap_init)
    i.rt_system_scheduler_init               0x08003bcc   Section        0  scheduler.o(i.rt_system_scheduler_init)
    i.rt_system_scheduler_start              0x08003c1c   Section        0  scheduler.o(i.rt_system_scheduler_start)
    i.rt_system_timer_init                   0x08003c4c   Section        0  timer.o(i.rt_system_timer_init)
    i.rt_system_timer_thread_init            0x08003c68   Section        0  timer.o(i.rt_system_timer_thread_init)
    i.rt_thread_create                       0x08003c6a   Section        0  thread.o(i.rt_thread_create)
    i.rt_thread_exit                         0x08003cbc   Section        0  thread.o(i.rt_thread_exit)
    i.rt_thread_idle_entry                   0x08003d14   Section        0  idle.o(i.rt_thread_idle_entry)
    rt_thread_idle_entry                     0x08003d15   Thumb Code    36  idle.o(i.rt_thread_idle_entry)
    i.rt_thread_idle_excute                  0x08003d3c   Section        0  idle.o(i.rt_thread_idle_excute)
    i.rt_thread_idle_init                    0x08003e24   Section        0  idle.o(i.rt_thread_idle_init)
    i.rt_thread_init                         0x08003e60   Section        0  thread.o(i.rt_thread_init)
    i.rt_thread_mdelay                       0x08003edc   Section        0  thread.o(i.rt_thread_mdelay)
    i.rt_thread_resume                       0x08003ef0   Section        0  thread.o(i.rt_thread_resume)
    i.rt_thread_self                         0x08003f8c   Section        0  thread.o(i.rt_thread_self)
    i.rt_thread_sleep                        0x08003f98   Section        0  thread.o(i.rt_thread_sleep)
    i.rt_thread_startup                      0x0800401c   Section        0  thread.o(i.rt_thread_startup)
    i.rt_thread_suspend                      0x080040e0   Section        0  thread.o(i.rt_thread_suspend)
    i.rt_thread_timeout                      0x08004184   Section        0  thread.o(i.rt_thread_timeout)
    i.rt_thread_yield                        0x08004238   Section        0  thread.o(i.rt_thread_yield)
    i.rt_tick_from_millisecond               0x0800429c   Section        0  clock.o(i.rt_tick_from_millisecond)
    i.rt_tick_get                            0x080042d4   Section        0  clock.o(i.rt_tick_get)
    i.rt_tick_increase                       0x080042e0   Section        0  clock.o(i.rt_tick_increase)
    i.rt_timer_check                         0x08004310   Section        0  timer.o(i.rt_timer_check)
    i.rt_timer_control                       0x080043c4   Section        0  timer.o(i.rt_timer_control)
    i.rt_timer_detach                        0x0800447c   Section        0  timer.o(i.rt_timer_detach)
    i.rt_timer_init                          0x08004550   Section        0  timer.o(i.rt_timer_init)
    i.rt_timer_start                         0x080045a4   Section        0  timer.o(i.rt_timer_start)
    i.rt_timer_stop                          0x08004764   Section        0  timer.o(i.rt_timer_stop)
    i.rt_vsnprintf                           0x08004824   Section        0  kservice.o(i.rt_vsnprintf)
    i.rti_board_end                          0x08004b54   Section        0  components.o(i.rti_board_end)
    rti_board_end                            0x08004b55   Thumb Code     4  components.o(i.rti_board_end)
    i.rti_board_start                        0x08004b58   Section        0  components.o(i.rti_board_start)
    rti_board_start                          0x08004b59   Thumb Code     4  components.o(i.rti_board_start)
    i.rti_end                                0x08004b5c   Section        0  components.o(i.rti_end)
    rti_end                                  0x08004b5d   Thumb Code     4  components.o(i.rti_end)
    i.rti_start                              0x08004b60   Section        0  components.o(i.rti_start)
    rti_start                                0x08004b61   Thumb Code     4  components.o(i.rti_start)
    i.rtthread_startup                       0x08004b64   Section        0  components.o(i.rtthread_startup)
    i.shell_auto_complete                    0x08004b90   Section        0  shell.o(i.shell_auto_complete)
    shell_auto_complete                      0x08004b91   Thumb Code    42  shell.o(i.shell_auto_complete)
    i.shell_handle_history                   0x08004bc8   Section        0  shell.o(i.shell_handle_history)
    shell_handle_history                     0x08004bc9   Thumb Code    32  shell.o(i.shell_handle_history)
    i.shell_push_history                     0x08004bf8   Section        0  shell.o(i.shell_push_history)
    shell_push_history                       0x08004bf9   Thumb Code   216  shell.o(i.shell_push_history)
    i.show_wait_queue                        0x08004cd0   Section        0  cmd.o(i.show_wait_queue)
    show_wait_queue                          0x08004cd1   Thumb Code    40  cmd.o(i.show_wait_queue)
    i.skip_atoi                              0x08004d00   Section        0  kservice.o(i.skip_atoi)
    skip_atoi                                0x08004d01   Thumb Code    38  kservice.o(i.skip_atoi)
    i.str_common                             0x08004d26   Section        0  msh.o(i.str_common)
    str_common                               0x08004d27   Thumb Code    32  msh.o(i.str_common)
    i.usage_fault_track                      0x08004d48   Section        0  cpuport.o(i.usage_fault_track)
    usage_fault_track                        0x08004d49   Thumb Code   122  cpuport.o(i.usage_fault_track)
    i.usart_gpio                             0x08004e30   Section        0  usart.o(i.usart_gpio)
    usart_gpio                               0x08004e31   Thumb Code    76  usart.o(i.usart_gpio)
    i.usart_init                             0x08004e80   Section        0  usart.o(i.usart_init)
    i.version                                0x08004ebe   Section        0  cmd.o(i.version)
    .constdata                               0x08004ec8   Section       20  components.o(.constdata)
    __FUNCTION__                             0x08004ec8   Data          20  components.o(.constdata)
    .constdata                               0x08004edc   Section       22  idle.o(.constdata)
    __FUNCTION__                             0x08004edc   Data          22  idle.o(.constdata)
    .constdata                               0x08004ef2   Section      313  ipc.o(.constdata)
    __FUNCTION__                             0x08004ef2   Data          12  ipc.o(.constdata)
    __FUNCTION__                             0x08004efe   Data          14  ipc.o(.constdata)
    __FUNCTION__                             0x08004f0c   Data          14  ipc.o(.constdata)
    __FUNCTION__                             0x08004f1a   Data          14  ipc.o(.constdata)
    __FUNCTION__                             0x08004f28   Data          12  ipc.o(.constdata)
    __FUNCTION__                             0x08004f34   Data          15  ipc.o(.constdata)
    __FUNCTION__                             0x08004f43   Data          15  ipc.o(.constdata)
    __FUNCTION__                             0x08004f52   Data          14  ipc.o(.constdata)
    __FUNCTION__                             0x08004f60   Data          16  ipc.o(.constdata)
    __FUNCTION__                             0x08004f70   Data          16  ipc.o(.constdata)
    __FUNCTION__                             0x08004f80   Data          16  ipc.o(.constdata)
    __FUNCTION__                             0x08004f90   Data          14  ipc.o(.constdata)
    __FUNCTION__                             0x08004f9e   Data          17  ipc.o(.constdata)
    __FUNCTION__                             0x08004faf   Data          17  ipc.o(.constdata)
    __FUNCTION__                             0x08004fc0   Data          14  ipc.o(.constdata)
    __FUNCTION__                             0x08004fce   Data          16  ipc.o(.constdata)
    __FUNCTION__                             0x08004fde   Data          16  ipc.o(.constdata)
    __FUNCTION__                             0x08004fee   Data          16  ipc.o(.constdata)
    __FUNCTION__                             0x08004ffe   Data          14  ipc.o(.constdata)
    __FUNCTION__                             0x0800500c   Data          14  ipc.o(.constdata)
    __FUNCTION__                             0x0800501a   Data          17  ipc.o(.constdata)
    .constdata                               0x0800502b   Section      290  kservice.o(.constdata)
    small_digits                             0x0800512b   Data          17  kservice.o(.constdata)
    large_digits                             0x0800513c   Data          17  kservice.o(.constdata)
    .constdata                               0x0800514d   Section       60  mem.o(.constdata)
    __FUNCTION__                             0x0800514d   Data          11  mem.o(.constdata)
    __FUNCTION__                             0x08005158   Data          20  mem.o(.constdata)
    __FUNCTION__                             0x0800516c   Data          10  mem.o(.constdata)
    __FUNCTION__                             0x08005176   Data          11  mem.o(.constdata)
    __FUNCTION__                             0x08005181   Data           8  mem.o(.constdata)
    .constdata                               0x08005189   Section      128  object.o(.constdata)
    __FUNCTION__                             0x08005189   Data          15  object.o(.constdata)
    __FUNCTION__                             0x08005198   Data          17  object.o(.constdata)
    __FUNCTION__                             0x080051a9   Data          19  object.o(.constdata)
    __FUNCTION__                             0x080051bc   Data          17  object.o(.constdata)
    __FUNCTION__                             0x080051cd   Data          26  object.o(.constdata)
    __FUNCTION__                             0x080051e7   Data          19  object.o(.constdata)
    __FUNCTION__                             0x080051fa   Data          15  object.o(.constdata)
    .constdata                               0x08005209   Section       52  scheduler.o(.constdata)
    __FUNCTION__                             0x08005209   Data          26  scheduler.o(.constdata)
    __FUNCTION__                             0x08005223   Data          26  scheduler.o(.constdata)
    .constdata                               0x0800523d   Section      185  thread.o(.constdata)
    __FUNCTION__                             0x0800523d   Data          16  thread.o(.constdata)
    __FUNCTION__                             0x0800524d   Data          15  thread.o(.constdata)
    __FUNCTION__                             0x0800525c   Data          18  thread.o(.constdata)
    __FUNCTION__                             0x0800526e   Data          17  thread.o(.constdata)
    __FUNCTION__                             0x0800527f   Data          17  thread.o(.constdata)
    __FUNCTION__                             0x08005290   Data          16  thread.o(.constdata)
    __FUNCTION__                             0x080052a0   Data          18  thread.o(.constdata)
    __FUNCTION__                             0x080052b2   Data          18  thread.o(.constdata)
    __FUNCTION__                             0x080052c4   Data          17  thread.o(.constdata)
    __FUNCTION__                             0x080052d5   Data          18  thread.o(.constdata)
    __FUNCTION__                             0x080052e7   Data          15  thread.o(.constdata)
    .constdata                               0x080052f6   Section       92  timer.o(.constdata)
    __FUNCTION__                             0x080052f6   Data          14  timer.o(.constdata)
    __FUNCTION__                             0x08005304   Data          16  timer.o(.constdata)
    __FUNCTION__                             0x08005314   Data          16  timer.o(.constdata)
    __FUNCTION__                             0x08005324   Data          15  timer.o(.constdata)
    __FUNCTION__                             0x08005333   Data          14  timer.o(.constdata)
    __FUNCTION__                             0x08005341   Data          17  timer.o(.constdata)
    .constdata                               0x08005352   Section       14  msh.o(.constdata)
    __FUNCTION__                             0x08005352   Data          14  msh.o(.constdata)
    .constdata                               0x08005360   Section       74  shell.o(.constdata)
    __FUNCTION__                             0x08005360   Data          22  shell.o(.constdata)
    __FUNCTION__                             0x08005376   Data          22  shell.o(.constdata)
    __FUNCTION__                             0x0800538c   Data          15  shell.o(.constdata)
    __FUNCTION__                             0x0800539b   Data          15  shell.o(.constdata)
    .conststring                             0x080053ac   Section       69  ipc.o(.conststring)
    .conststring                             0x080053f4   Section      237  mem.o(.conststring)
    .conststring                             0x080054e4   Section       66  thread.o(.conststring)
    .conststring                             0x08005528   Section       68  cmd.o(.conststring)
    .rodata.name                             0x0800556c   Section       39  mem.o(.rodata.name)
    .rodata.name                             0x08005593   Section      483  cmd.o(.rodata.name)
    .rodata.name                             0x08005776   Section      118  msh.o(.rodata.name)
    .rodata.name                             0x080057ec   Section       62  user_cmd.o(.rodata.name)
    .rti_fn.0                                0x0800582c   Section        4  components.o(.rti_fn.0)
    __tagsym$$used                           0x0800582c   Number         0  components.o(.rti_fn.0)
    .rti_fn.0.end                            0x08005830   Section        4  components.o(.rti_fn.0.end)
    __tagsym$$used                           0x08005830   Number         0  components.o(.rti_fn.0.end)
    .rti_fn.1.end                            0x08005834   Section        4  components.o(.rti_fn.1.end)
    __tagsym$$used                           0x08005834   Number         0  components.o(.rti_fn.1.end)
    .rti_fn.6                                0x08005838   Section        4  shell.o(.rti_fn.6)
    __tagsym$$used                           0x08005838   Number         0  shell.o(.rti_fn.6)
    .rti_fn.6.end                            0x0800583c   Section        4  components.o(.rti_fn.6.end)
    __tagsym$$used                           0x0800583c   Number         0  components.o(.rti_fn.6.end)
    FSymTab                                  0x08005840   Section       12  mem.o(FSymTab)
    __tagsym$$used                           0x08005840   Number         0  mem.o(FSymTab)
    FSymTab                                  0x0800584c   Section      168  cmd.o(FSymTab)
    __tagsym$$used                           0x0800584c   Number         0  cmd.o(FSymTab)
    __tagsym$$used                           0x08005858   Number         0  cmd.o(FSymTab)
    __tagsym$$used                           0x08005864   Number         0  cmd.o(FSymTab)
    __tagsym$$used                           0x08005870   Number         0  cmd.o(FSymTab)
    __tagsym$$used                           0x0800587c   Number         0  cmd.o(FSymTab)
    __tagsym$$used                           0x08005888   Number         0  cmd.o(FSymTab)
    __tagsym$$used                           0x08005894   Number         0  cmd.o(FSymTab)
    __tagsym$$used                           0x080058a0   Number         0  cmd.o(FSymTab)
    __tagsym$$used                           0x080058ac   Number         0  cmd.o(FSymTab)
    __tagsym$$used                           0x080058b8   Number         0  cmd.o(FSymTab)
    __tagsym$$used                           0x080058c4   Number         0  cmd.o(FSymTab)
    __tagsym$$used                           0x080058d0   Number         0  cmd.o(FSymTab)
    __tagsym$$used                           0x080058dc   Number         0  cmd.o(FSymTab)
    __tagsym$$used                           0x080058e8   Number         0  cmd.o(FSymTab)
    FSymTab                                  0x080058f4   Section       36  msh.o(FSymTab)
    __tagsym$$used                           0x080058f4   Number         0  msh.o(FSymTab)
    __tagsym$$used                           0x08005900   Number         0  msh.o(FSymTab)
    __tagsym$$used                           0x0800590c   Number         0  msh.o(FSymTab)
    FSymTab                                  0x08005918   Section       24  user_cmd.o(FSymTab)
    __tagsym$$used                           0x08005918   Number         0  user_cmd.o(FSymTab)
    __tagsym$$used                           0x08005924   Number         0  user_cmd.o(FSymTab)
    .data                                    0x20000000   Section       20  system_stm32f10x.o(.data)
    .data                                    0x20000014   Section       20  stm32f10x_rcc.o(.data)
    APBAHBPrescTable                         0x20000014   Data          16  stm32f10x_rcc.o(.data)
    ADCPrescTable                            0x20000024   Data           4  stm32f10x_rcc.o(.data)
    .data                                    0x20000028   Section        4  clock.o(.data)
    rt_tick                                  0x20000028   Data           4  clock.o(.data)
    .data                                    0x2000002c   Section        9  irq.o(.data)
    rt_interrupt_enter_hook                  0x2000002c   Data           4  irq.o(.data)
    rt_interrupt_leave_hook                  0x20000030   Data           4  irq.o(.data)
    .data                                    0x20000038   Section        8  kservice.o(.data)
    __rt_errno                               0x20000038   Data           4  kservice.o(.data)
    .data                                    0x20000040   Section       32  mem.o(.data)
    rt_malloc_hook                           0x20000040   Data           4  mem.o(.data)
    rt_free_hook                             0x20000044   Data           4  mem.o(.data)
    heap_ptr                                 0x20000048   Data           4  mem.o(.data)
    heap_end                                 0x2000004c   Data           4  mem.o(.data)
    lfree                                    0x20000050   Data           4  mem.o(.data)
    mem_size_aligned                         0x20000054   Data           4  mem.o(.data)
    used_mem                                 0x20000058   Data           4  mem.o(.data)
    max_mem                                  0x2000005c   Data           4  mem.o(.data)
    .data                                    0x20000060   Section      100  object.o(.data)
    rt_object_container                      0x20000060   Data          80  object.o(.data)
    rt_object_attach_hook                    0x200000b0   Data           4  object.o(.data)
    rt_object_detach_hook                    0x200000b4   Data           4  object.o(.data)
    .data                                    0x200000c4   Section       28  scheduler.o(.data)
    rt_scheduler_lock_nest                   0x200000c4   Data           2  scheduler.o(.data)
    rt_scheduler_hook                        0x200000dc   Data           4  scheduler.o(.data)
    .data                                    0x200000e0   Section       12  thread.o(.data)
    rt_thread_suspend_hook                   0x200000e0   Data           4  thread.o(.data)
    rt_thread_resume_hook                    0x200000e4   Data           4  thread.o(.data)
    rt_thread_inited_hook                    0x200000e8   Data           4  thread.o(.data)
    .data                                    0x200000ec   Section       20  timer.o(.data)
    rt_timer_list                            0x200000ec   Data           8  timer.o(.data)
    rt_timer_enter_hook                      0x200000f4   Data           4  timer.o(.data)
    rt_timer_exit_hook                       0x200000f8   Data           4  timer.o(.data)
    random_nr                                0x200000fc   Data           4  timer.o(.data)
    .data                                    0x20000100   Section       16  cpuport.o(.data)
    rt_exception_hook                        0x2000010c   Data           4  cpuport.o(.data)
    .data                                    0x20000110   Section       24  shell.o(.data)
    finsh_prompt_custom                      0x20000124   Data           4  shell.o(.data)
    .bss                                     0x20000128   Section      416  idle.o(.bss)
    idle                                     0x20000128   Data         144  idle.o(.bss)
    rt_thread_stack                          0x200001b8   Data         256  idle.o(.bss)
    idle_hook_list                           0x200002b8   Data          16  idle.o(.bss)
    .bss                                     0x200002c8   Section      128  kservice.o(.bss)
    rt_log_buf                               0x200002c8   Data         128  kservice.o(.bss)
    .bss                                     0x20000348   Section       40  mem.o(.bss)
    heap_sem                                 0x20000348   Data          40  mem.o(.bss)
    .bss                                     0x20000370   Section      256  scheduler.o(.bss)
    .bss                                     0x20000470   Section    10240  board.o(.bss)
    rt_heap                                  0x20000470   Data       10240  board.o(.bss)
    .bss                                     0x20002c70   Section      129  shell.o(.bss)
    finsh_prompt                             0x20002c70   Data         129  shell.o(.bss)
    STACK                                    0x20002cf8   Section     1024  startup_stm32f10x_md.o(STACK)

    Global Symbols

    Symbol Name                              Value     Ov Type        Size  Object(Section)

    BuildAttributes$$THM_ISAv4$P$D$K$B$S$PE$A:L22UL41UL21$X:L11$S22US41US21$IEEE1$IW$USESV6$~STKCKD$USESV7$~SHL$OSPACE$EBA8$MICROLIB$REQ8$PRES8$EABIv2 0x00000000   Number         0  anon$$obj.o ABSOLUTE
    __ARM_use_no_argv                        0x00000000   Number         0  main.o ABSOLUTE
    __cpp_initialize__aeabi_                  - Undefined Weak Reference
    __cxa_finalize                            - Undefined Weak Reference
    __decompress                              - Undefined Weak Reference
    _clock_init                               - Undefined Weak Reference
    _microlib_exit                            - Undefined Weak Reference
    __Vectors_Size                           0x000000ec   Number         0  startup_stm32f10x_md.o ABSOLUTE
    __Vectors                                0x08000000   Data           4  startup_stm32f10x_md.o(RESET)
    __Vectors_End                            0x080000ec   Data           0  startup_stm32f10x_md.o(RESET)
    __main                                   0x080000ed   Thumb Code     0  entry.o(.ARM.Collect$$$$00000000)
    _main_stk                                0x080000ed   Thumb Code     0  entry2.o(.ARM.Collect$$$$00000001)
    _main_scatterload                        0x080000f1   Thumb Code     0  entry5.o(.ARM.Collect$$$$00000004)
    __main_after_scatterload                 0x080000f5   Thumb Code     0  entry5.o(.ARM.Collect$$$$00000004)
    _main_clock                              0x080000f5   Thumb Code     0  entry7b.o(.ARM.Collect$$$$00000008)
    _main_cpp_init                           0x080000f5   Thumb Code     0  entry8b.o(.ARM.Collect$$$$0000000A)
    _main_init                               0x080000f5   Thumb Code     0  entry9a.o(.ARM.Collect$$$$0000000B)
    __rt_final_cpp                           0x080000fd   Thumb Code     0  entry10a.o(.ARM.Collect$$$$0000000D)
    __rt_final_exit                          0x080000fd   Thumb Code     0  entry11a.o(.ARM.Collect$$$$0000000F)
    Reset_Handler                            0x08000101   Thumb Code     8  startup_stm32f10x_md.o(.text)
    ADC1_2_IRQHandler                        0x0800011b   Thumb Code     0  startup_stm32f10x_md.o(.text)
    CAN1_RX1_IRQHandler                      0x0800011b   Thumb Code     0  startup_stm32f10x_md.o(.text)
    CAN1_SCE_IRQHandler                      0x0800011b   Thumb Code     0  startup_stm32f10x_md.o(.text)
    DMA1_Channel1_IRQHandler                 0x0800011b   Thumb Code     0  startup_stm32f10x_md.o(.text)
    DMA1_Channel2_IRQHandler                 0x0800011b   Thumb Code     0  startup_stm32f10x_md.o(.text)
    DMA1_Channel3_IRQHandler                 0x0800011b   Thumb Code     0  startup_stm32f10x_md.o(.text)
    DMA1_Channel4_IRQHandler                 0x0800011b   Thumb Code     0  startup_stm32f10x_md.o(.text)
    DMA1_Channel5_IRQHandler                 0x0800011b   Thumb Code     0  startup_stm32f10x_md.o(.text)
    DMA1_Channel6_IRQHandler                 0x0800011b   Thumb Code     0  startup_stm32f10x_md.o(.text)
    DMA1_Channel7_IRQHandler                 0x0800011b   Thumb Code     0  startup_stm32f10x_md.o(.text)
    EXTI0_IRQHandler                         0x0800011b   Thumb Code     0  startup_stm32f10x_md.o(.text)
    EXTI15_10_IRQHandler                     0x0800011b   Thumb Code     0  startup_stm32f10x_md.o(.text)
    EXTI1_IRQHandler                         0x0800011b   Thumb Code     0  startup_stm32f10x_md.o(.text)
    EXTI2_IRQHandler                         0x0800011b   Thumb Code     0  startup_stm32f10x_md.o(.text)
    EXTI3_IRQHandler                         0x0800011b   Thumb Code     0  startup_stm32f10x_md.o(.text)
    EXTI4_IRQHandler                         0x0800011b   Thumb Code     0  startup_stm32f10x_md.o(.text)
    EXTI9_5_IRQHandler                       0x0800011b   Thumb Code     0  startup_stm32f10x_md.o(.text)
    FLASH_IRQHandler                         0x0800011b   Thumb Code     0  startup_stm32f10x_md.o(.text)
    I2C1_ER_IRQHandler                       0x0800011b   Thumb Code     0  startup_stm32f10x_md.o(.text)
    I2C1_EV_IRQHandler                       0x0800011b   Thumb Code     0  startup_stm32f10x_md.o(.text)
    I2C2_ER_IRQHandler                       0x0800011b   Thumb Code     0  startup_stm32f10x_md.o(.text)
    I2C2_EV_IRQHandler                       0x0800011b   Thumb Code     0  startup_stm32f10x_md.o(.text)
    PVD_IRQHandler                           0x0800011b   Thumb Code     0  startup_stm32f10x_md.o(.text)
    RCC_IRQHandler                           0x0800011b   Thumb Code     0  startup_stm32f10x_md.o(.text)
    RTCAlarm_IRQHandler                      0x0800011b   Thumb Code     0  startup_stm32f10x_md.o(.text)
    RTC_IRQHandler                           0x0800011b   Thumb Code     0  startup_stm32f10x_md.o(.text)
    SPI1_IRQHandler                          0x0800011b   Thumb Code     0  startup_stm32f10x_md.o(.text)
    SPI2_IRQHandler                          0x0800011b   Thumb Code     0  startup_stm32f10x_md.o(.text)
    TAMPER_IRQHandler                        0x0800011b   Thumb Code     0  startup_stm32f10x_md.o(.text)
    TIM1_BRK_IRQHandler                      0x0800011b   Thumb Code     0  startup_stm32f10x_md.o(.text)
    TIM1_CC_IRQHandler                       0x0800011b   Thumb Code     0  startup_stm32f10x_md.o(.text)
    TIM1_TRG_COM_IRQHandler                  0x0800011b   Thumb Code     0  startup_stm32f10x_md.o(.text)
    TIM1_UP_IRQHandler                       0x0800011b   Thumb Code     0  startup_stm32f10x_md.o(.text)
    TIM2_IRQHandler                          0x0800011b   Thumb Code     0  startup_stm32f10x_md.o(.text)
    TIM3_IRQHandler                          0x0800011b   Thumb Code     0  startup_stm32f10x_md.o(.text)
    TIM4_IRQHandler                          0x0800011b   Thumb Code     0  startup_stm32f10x_md.o(.text)
    USART2_IRQHandler                        0x0800011b   Thumb Code     0  startup_stm32f10x_md.o(.text)
    USART3_IRQHandler                        0x0800011b   Thumb Code     0  startup_stm32f10x_md.o(.text)
    USBWakeUp_IRQHandler                     0x0800011b   Thumb Code     0  startup_stm32f10x_md.o(.text)
    USB_HP_CAN1_TX_IRQHandler                0x0800011b   Thumb Code     0  startup_stm32f10x_md.o(.text)
    USB_LP_CAN1_RX0_IRQHandler               0x0800011b   Thumb Code     0  startup_stm32f10x_md.o(.text)
    WWDG_IRQHandler                          0x0800011b   Thumb Code     0  startup_stm32f10x_md.o(.text)
    rt_hw_interrupt_disable                  0x08000125   Thumb Code     8  context_rvds.o(.text)
    rt_hw_interrupt_enable                   0x0800012d   Thumb Code     6  context_rvds.o(.text)
    rt_hw_context_switch                     0x08000133   Thumb Code    32  context_rvds.o(.text)
    rt_hw_context_switch_interrupt           0x08000133   Thumb Code     0  context_rvds.o(.text)
    PendSV_Handler                           0x08000153   Thumb Code    60  context_rvds.o(.text)
    rt_hw_context_switch_to                  0x0800018f   Thumb Code    58  context_rvds.o(.text)
    rt_hw_interrupt_thread_switch            0x080001c9   Thumb Code     2  context_rvds.o(.text)
    HardFault_Handler                        0x080001cb   Thumb Code    52  context_rvds.o(.text)
    __aeabi_memcpy                           0x08000219   Thumb Code    36  memcpya.o(.text)
    __aeabi_memcpy4                          0x08000219   Thumb Code     0  memcpya.o(.text)
    __aeabi_memcpy8                          0x08000219   Thumb Code     0  memcpya.o(.text)
    __aeabi_memset                           0x0800023d   Thumb Code    14  memseta.o(.text)
    __aeabi_memset4                          0x0800023d   Thumb Code     0  memseta.o(.text)
    __aeabi_memset8                          0x0800023d   Thumb Code     0  memseta.o(.text)
    __aeabi_memclr                           0x0800024b   Thumb Code     4  memseta.o(.text)
    __aeabi_memclr4                          0x0800024b   Thumb Code     0  memseta.o(.text)
    __aeabi_memclr8                          0x0800024b   Thumb Code     0  memseta.o(.text)
    _memset$wrapper                          0x0800024f   Thumb Code    18  memseta.o(.text)
    strcat                                   0x08000261   Thumb Code    24  strcat.o(.text)
    strncpy                                  0x08000279   Thumb Code    24  strncpy.o(.text)
    strlen                                   0x08000291   Thumb Code    14  strlen.o(.text)
    memcmp                                   0x0800029f   Thumb Code    26  memcmp.o(.text)
    strcpy                                   0x080002b9   Thumb Code    18  strcpy.o(.text)
    strncmp                                  0x080002cb   Thumb Code    30  strncmp.o(.text)
    __scatterload                            0x080002e9   Thumb Code    28  init.o(.text)
    __scatterload_rt2                        0x080002e9   Thumb Code     0  init.o(.text)
    main                                     0x0800030d   Thumb Code    10  components.o(i.$Sub$$main)
    BusFault_Handler                         0x08000317   Thumb Code     4  stm32f10x_it.o(i.BusFault_Handler)
    DebugMon_Handler                         0x0800031b   Thumb Code     2  stm32f10x_it.o(i.DebugMon_Handler)
    GPIO_Init                                0x0800031d   Thumb Code   278  stm32f10x_gpio.o(i.GPIO_Init)
    MemManage_Handler                        0x08000433   Thumb Code     4  stm32f10x_it.o(i.MemManage_Handler)
    NMI_Handler                              0x08000437   Thumb Code     2  stm32f10x_it.o(i.NMI_Handler)
    RCC_APB2PeriphClockCmd                   0x08000439   Thumb Code    26  stm32f10x_rcc.o(i.RCC_APB2PeriphClockCmd)
    RCC_GetClocksFreq                        0x08000459   Thumb Code   192  stm32f10x_rcc.o(i.RCC_GetClocksFreq)
    SVC_Handler                              0x0800052d   Thumb Code     2  stm32f10x_it.o(i.SVC_Handler)
    SysTick_Handler                          0x08000619   Thumb Code    16  board.o(i.SysTick_Handler)
    SystemCoreClockUpdate                    0x08000629   Thumb Code   142  system_stm32f10x.o(i.SystemCoreClockUpdate)
    SystemInit                               0x080006cd   Thumb Code    78  system_stm32f10x.o(i.SystemInit)
    USART1_IRQHandler                        0x0800072d   Thumb Code    26  usart.o(i.USART1_IRQHandler)
    USART_ClearITPendingBit                  0x0800074d   Thumb Code    30  stm32f10x_usart.o(i.USART_ClearITPendingBit)
    USART_Cmd                                0x0800076b   Thumb Code    24  stm32f10x_usart.o(i.USART_Cmd)
    USART_GetITStatus                        0x08000783   Thumb Code    84  stm32f10x_usart.o(i.USART_GetITStatus)
    USART_Init                               0x080007d9   Thumb Code   210  stm32f10x_usart.o(i.USART_Init)
    UsageFault_Handler                       0x080008b1   Thumb Code     4  stm32f10x_it.o(i.UsageFault_Handler)
    __rt_ffs                                 0x080008e5   Thumb Code    70  kservice.o(i.__rt_ffs)
    __scatterload_copy                       0x08000931   Thumb Code    14  handlers.o(i.__scatterload_copy)
    __scatterload_null                       0x0800093f   Thumb Code     2  handlers.o(i.__scatterload_null)
    __scatterload_zeroinit                   0x08000941   Thumb Code    14  handlers.o(i.__scatterload_zeroinit)
    cmd_free                                 0x08000c4d   Thumb Code    14  msh.o(i.cmd_free)
    cmd_ps                                   0x08000c5b   Thumb Code    14  msh.o(i.cmd_ps)
    finsh_get_prompt                         0x08000c69   Thumb Code    84  shell.o(i.finsh_get_prompt)
    finsh_set_prompt_mode                    0x08000ce9   Thumb Code    42  shell.o(i.finsh_set_prompt_mode)
    finsh_system_function_init               0x08000d31   Thumb Code    10  shell.o(i.finsh_system_function_init)
    finsh_system_init                        0x08000d45   Thumb Code   100  shell.o(i.finsh_system_init)
    finsh_thread_entry                       0x08000de1   Thumb Code  1250  shell.o(i.finsh_thread_entry)
    hello                                    0x0800134d   Thumb Code    12  cmd.o(i.hello)
    lcd_st7789_clear_with                    0x0800136d   Thumb Code    52  lcd_st7789.o(i.lcd_st7789_clear_with)
    lcd_st7789_displayOn                     0x080013a1   Thumb Code    20  lcd_st7789.o(i.lcd_st7789_displayOn)
    lcd_st7789_hw_reset                      0x08001429   Thumb Code    62  lcd_st7789.o(i.lcd_st7789_hw_reset)
    lcd_st7789_init                          0x0800146d   Thumb Code   372  lcd_st7789.o(i.lcd_st7789_init)
    lcd_st7789_powerUp                       0x080015e1   Thumb Code    16  lcd_st7789.o(i.lcd_st7789_powerUp)
    lcd_st7789_send_pixel_dat                0x080016a1   Thumb Code    18  lcd_st7789.o(i.lcd_st7789_send_pixel_dat)
    lcd_st7789_set_region                    0x080016b3   Thumb Code    58  lcd_st7789.o(i.lcd_st7789_set_region)
    list                                     0x0800170d   Thumb Code    54  cmd.o(i.list)
    list_event                               0x08001775   Thumb Code   204  cmd.o(i.list_event)
    list_mem                                 0x0800196d   Thumb Code    34  mem.o(i.list_mem)
    list_mutex                               0x080019e5   Thumb Code   170  cmd.o(i.list_mutex)
    list_sem                                 0x08001af5   Thumb Code   216  cmd.o(i.list_sem)
    list_thread                              0x08001c2d   Thumb Code   294  cmd.o(i.list_thread)
    list_timer                               0x08001e11   Thumb Code   190  cmd.o(i.list_timer)
    $Super$$main                             0x08001f71   Thumb Code    14  main.o(i.main)
    main_thread_entry                        0x08001f7f   Thumb Code    14  components.o(i.main_thread_entry)
    msh_auto_complete                        0x08002075   Thumb Code   138  msh.o(i.msh_auto_complete)
    msh_exec                                 0x08002115   Thumb Code    82  msh.o(i.msh_exec)
    msh_help                                 0x080021dd   Thumb Code    66  msh.o(i.msh_help)
    msh_is_used                              0x0800225d   Thumb Code     4  msh.o(i.msh_is_used)
    my_getc                                  0x08002351   Thumb Code    24  usart.o(i.my_getc)
    my_putc                                  0x0800236d   Thumb Code    22  usart.o(i.my_putc)
    rt_application_init                      0x08002655   Thumb Code    46  components.o(i.rt_application_init)
    rt_assert_handler                        0x080026a5   Thumb Code    56  kservice.o(i.rt_assert_handler)
    rt_calloc                                0x08002719   Thumb Code    34  mem.o(i.rt_calloc)
    rt_components_board_init                 0x0800273d   Thumb Code    20  components.o(i.rt_components_board_init)
    rt_components_init                       0x08002759   Thumb Code    20  components.o(i.rt_components_init)
    rt_enter_critical                        0x08002775   Thumb Code    28  scheduler.o(i.rt_enter_critical)
    rt_exit_critical                         0x08002795   Thumb Code    60  scheduler.o(i.rt_exit_critical)
    rt_free                                  0x080027d9   Thumb Code   278  mem.o(i.rt_free)
    rt_heap_begin_get                        0x080029e5   Thumb Code     4  board.o(i.rt_heap_begin_get)
    rt_heap_end_get                          0x080029ed   Thumb Code     4  board.o(i.rt_heap_end_get)
    rt_hw_board_init                         0x080029f5   Thumb Code    58  board.o(i.rt_hw_board_init)
    rt_hw_console_getchar                    0x08002a39   Thumb Code     8  board.o(i.rt_hw_console_getchar)
    rt_hw_console_output                     0x08002a41   Thumb Code    52  board.o(i.rt_hw_console_output)
    rt_hw_cpu_reset                          0x08002a75   Thumb Code     8  cpuport.o(i.rt_hw_cpu_reset)
    rt_hw_hard_fault_exception               0x08002a85   Thumb Code   198  cpuport.o(i.rt_hw_hard_fault_exception)
    rt_hw_stack_init                         0x08002c8d   Thumb Code    70  cpuport.o(i.rt_hw_stack_init)
    rt_interrupt_enter                       0x08002cd9   Thumb Code    46  irq.o(i.rt_interrupt_enter)
    rt_interrupt_get_nest                    0x08002d11   Thumb Code     6  irq.o(i.rt_interrupt_get_nest)
    rt_interrupt_leave                       0x08002d1d   Thumb Code    46  irq.o(i.rt_interrupt_leave)
    rt_kprintf                               0x08002de9   Thumb Code    44  kservice.o(i.rt_kprintf)
    rt_malloc                                0x08002ec5   Thumb Code   522  mem.o(i.rt_malloc)
    rt_memmove                               0x08003181   Thumb Code    66  kservice.o(i.rt_memmove)
    rt_memset                                0x080031c3   Thumb Code    72  kservice.o(i.rt_memset)
    rt_object_allocate                       0x0800320d   Thumb Code   158  object.o(i.rt_object_allocate)
    rt_object_delete                         0x080032f9   Thumb Code    88  object.o(i.rt_object_delete)
    rt_object_detach                         0x08003399   Thumb Code    62  object.o(i.rt_object_detach)
    rt_object_get_information                0x080033f5   Thumb Code    36  object.o(i.rt_object_get_information)
    rt_object_get_type                       0x0800341d   Thumb Code    26  object.o(i.rt_object_get_type)
    rt_object_init                           0x08003451   Thumb Code   132  object.o(i.rt_object_init)
    rt_object_is_systemobject                0x08003505   Thumb Code    34  object.o(i.rt_object_is_systemobject)
    rt_schedule                              0x08003541   Thumb Code   136  scheduler.o(i.rt_schedule)
    rt_schedule_insert_thread                0x080035e5   Thumb Code    90  scheduler.o(i.rt_schedule_insert_thread)
    rt_schedule_remove_thread                0x08003661   Thumb Code    94  scheduler.o(i.rt_schedule_remove_thread)
    rt_sem_init                              0x080036e1   Thumb Code    66  ipc.o(i.rt_sem_init)
    rt_sem_release                           0x0800374d   Thumb Code   116  ipc.o(i.rt_sem_release)
    rt_sem_take                              0x080037dd   Thumb Code   288  ipc.o(i.rt_sem_take)
    rt_show_version                          0x08003981   Thumb Code    38  kservice.o(i.rt_show_version)
    rt_strlen                                0x08003a31   Thumb Code    18  kservice.o(i.rt_strlen)
    rt_strncpy                               0x08003a43   Thumb Code    52  kservice.o(i.rt_strncpy)
    rt_system_heap_init                      0x08003a79   Thumb Code   204  mem.o(i.rt_system_heap_init)
    rt_system_scheduler_init                 0x08003bcd   Thumb Code    56  scheduler.o(i.rt_system_scheduler_init)
    rt_system_scheduler_start                0x08003c1d   Thumb Code    36  scheduler.o(i.rt_system_scheduler_start)
    rt_system_timer_init                     0x08003c4d   Thumb Code    24  timer.o(i.rt_system_timer_init)
    rt_system_timer_thread_init              0x08003c69   Thumb Code     2  timer.o(i.rt_system_timer_thread_init)
    rt_thread_create                         0x08003c6b   Thumb Code    80  thread.o(i.rt_thread_create)
    rt_thread_exit                           0x08003cbd   Thumb Code    78  thread.o(i.rt_thread_exit)
    rt_thread_idle_excute                    0x08003d3d   Thumb Code   178  idle.o(i.rt_thread_idle_excute)
    rt_thread_idle_init                      0x08003e25   Thumb Code    38  idle.o(i.rt_thread_idle_init)
    rt_thread_init                           0x08003e61   Thumb Code    74  thread.o(i.rt_thread_init)
    rt_thread_mdelay                         0x08003edd   Thumb Code    20  thread.o(i.rt_thread_mdelay)
    rt_thread_resume                         0x08003ef1   Thumb Code   122  thread.o(i.rt_thread_resume)
    rt_thread_self                           0x08003f8d   Thumb Code     6  thread.o(i.rt_thread_self)
    rt_thread_sleep                          0x08003f99   Thumb Code    98  thread.o(i.rt_thread_sleep)
    rt_thread_startup                        0x0800401d   Thumb Code   110  thread.o(i.rt_thread_startup)
    rt_thread_suspend                        0x080040e1   Thumb Code   130  thread.o(i.rt_thread_suspend)
    rt_thread_timeout                        0x08004185   Thumb Code    92  thread.o(i.rt_thread_timeout)
    rt_thread_yield                          0x08004239   Thumb Code    92  thread.o(i.rt_thread_yield)
    rt_tick_from_millisecond                 0x0800429d   Thumb Code    56  clock.o(i.rt_tick_from_millisecond)
    rt_tick_get                              0x080042d5   Thumb Code     6  clock.o(i.rt_tick_get)
    rt_tick_increase                         0x080042e1   Thumb Code    42  clock.o(i.rt_tick_increase)
    rt_timer_check                           0x08004311   Thumb Code   166  timer.o(i.rt_timer_check)
    rt_timer_control                         0x080043c5   Thumb Code    98  timer.o(i.rt_timer_control)
    rt_timer_detach                          0x0800447d   Thumb Code    82  timer.o(i.rt_timer_detach)
    rt_timer_init                            0x08004551   Thumb Code    58  timer.o(i.rt_timer_init)
    rt_timer_start                           0x080045a5   Thumb Code   314  timer.o(i.rt_timer_start)
    rt_timer_stop                            0x08004765   Thumb Code   102  timer.o(i.rt_timer_stop)
    rt_vsnprintf                             0x08004825   Thumb Code   808  kservice.o(i.rt_vsnprintf)
    rtthread_startup                         0x08004b65   Thumb Code    42  components.o(i.rtthread_startup)
    usart_init                               0x08004e81   Thumb Code    62  usart.o(i.usart_init)
    version                                  0x08004ebf   Thumb Code    10  cmd.o(i.version)
    __lowest_bit_bitmap                      0x0800502b   Data         256  kservice.o(.constdata)
    __fsym_list_mem_name                     0x0800556c   Data           9  mem.o(.rodata.name)
    __fsym_list_mem_desc                     0x08005575   Data          30  mem.o(.rodata.name)
    __fsym_hello_name                        0x08005593   Data           6  cmd.o(.rodata.name)
    __fsym_hello_desc                        0x08005599   Data          16  cmd.o(.rodata.name)
    __fsym_version_name                      0x080055a9   Data           8  cmd.o(.rodata.name)
    __fsym_version_desc                      0x080055b1   Data          35  cmd.o(.rodata.name)
    __fsym___cmd_version_name                0x080055d4   Data          14  cmd.o(.rodata.name)
    __fsym___cmd_version_desc                0x080055e2   Data          35  cmd.o(.rodata.name)
    __fsym_list_thread_name                  0x08005605   Data          12  cmd.o(.rodata.name)
    __fsym_list_thread_desc                  0x08005611   Data          12  cmd.o(.rodata.name)
    __fsym___cmd_list_thread_name            0x0800561d   Data          18  cmd.o(.rodata.name)
    __fsym___cmd_list_thread_desc            0x0800562f   Data          12  cmd.o(.rodata.name)
    __fsym_list_sem_name                     0x0800563b   Data           9  cmd.o(.rodata.name)
    __fsym_list_sem_desc                     0x08005644   Data          25  cmd.o(.rodata.name)
    __fsym___cmd_list_sem_name               0x0800565d   Data          15  cmd.o(.rodata.name)
    __fsym___cmd_list_sem_desc               0x0800566c   Data          25  cmd.o(.rodata.name)
    __fsym_list_event_name                   0x08005685   Data          11  cmd.o(.rodata.name)
    __fsym_list_event_desc                   0x08005690   Data          21  cmd.o(.rodata.name)
    __fsym___cmd_list_event_name             0x080056a5   Data          17  cmd.o(.rodata.name)
    __fsym___cmd_list_event_desc             0x080056b6   Data          21  cmd.o(.rodata.name)
    __fsym_list_mutex_name                   0x080056cb   Data          11  cmd.o(.rodata.name)
    __fsym_list_mutex_desc                   0x080056d6   Data          21  cmd.o(.rodata.name)
    __fsym___cmd_list_mutex_name             0x080056eb   Data          17  cmd.o(.rodata.name)
    __fsym___cmd_list_mutex_desc             0x080056fc   Data          21  cmd.o(.rodata.name)
    __fsym_list_timer_name                   0x08005711   Data          11  cmd.o(.rodata.name)
    __fsym_list_timer_desc                   0x0800571c   Data          21  cmd.o(.rodata.name)
    __fsym___cmd_list_timer_name             0x08005731   Data          17  cmd.o(.rodata.name)
    __fsym___cmd_list_timer_desc             0x08005742   Data          21  cmd.o(.rodata.name)
    __fsym_list_name                         0x08005757   Data           5  cmd.o(.rodata.name)
    __fsym_list_desc                         0x0800575c   Data          26  cmd.o(.rodata.name)
    __fsym___cmd_help_name                   0x08005776   Data          11  msh.o(.rodata.name)
    __fsym___cmd_help_desc                   0x08005781   Data          22  msh.o(.rodata.name)
    __fsym___cmd_ps_name                     0x08005797   Data           9  msh.o(.rodata.name)
    __fsym___cmd_ps_desc                     0x080057a0   Data          28  msh.o(.rodata.name)
    __fsym___cmd_free_name                   0x080057bc   Data          11  msh.o(.rodata.name)
    __fsym___cmd_free_desc                   0x080057c7   Data          37  msh.o(.rodata.name)
    __fsym___cmd_reboot_name                 0x080057ec   Data          13  user_cmd.o(.rodata.name)
    __fsym___cmd_reboot_desc                 0x080057f9   Data          11  user_cmd.o(.rodata.name)
    __fsym___cmd_clear_name                  0x08005804   Data          12  user_cmd.o(.rodata.name)
    __fsym___cmd_clear_desc                  0x08005810   Data          26  user_cmd.o(.rodata.name)
    __rt_init_rti_start                      0x0800582c   Data           4  components.o(.rti_fn.0)
    __rt_init_rti_board_start                0x08005830   Data           4  components.o(.rti_fn.0.end)
    __rt_init_rti_board_end                  0x08005834   Data           4  components.o(.rti_fn.1.end)
    __rt_init_finsh_system_init              0x08005838   Data           4  shell.o(.rti_fn.6)
    __rt_init_rti_end                        0x0800583c   Data           4  components.o(.rti_fn.6.end)
    FSymTab$$Base                            0x08005840   Number         0  mem.o(FSymTab)
    __fsym_list_mem                          0x08005840   Data          12  mem.o(FSymTab)
    __fsym_hello                             0x0800584c   Data          12  cmd.o(FSymTab)
    __fsym_version                           0x08005858   Data          12  cmd.o(FSymTab)
    __fsym___cmd_version                     0x08005864   Data          12  cmd.o(FSymTab)
    __fsym_list_thread                       0x08005870   Data          12  cmd.o(FSymTab)
    __fsym___cmd_list_thread                 0x0800587c   Data          12  cmd.o(FSymTab)
    __fsym_list_sem                          0x08005888   Data          12  cmd.o(FSymTab)
    __fsym___cmd_list_sem                    0x08005894   Data          12  cmd.o(FSymTab)
    __fsym_list_event                        0x080058a0   Data          12  cmd.o(FSymTab)
    __fsym___cmd_list_event                  0x080058ac   Data          12  cmd.o(FSymTab)
    __fsym_list_mutex                        0x080058b8   Data          12  cmd.o(FSymTab)
    __fsym___cmd_list_mutex                  0x080058c4   Data          12  cmd.o(FSymTab)
    __fsym_list_timer                        0x080058d0   Data          12  cmd.o(FSymTab)
    __fsym___cmd_list_timer                  0x080058dc   Data          12  cmd.o(FSymTab)
    __fsym_list                              0x080058e8   Data          12  cmd.o(FSymTab)
    __fsym___cmd_help                        0x080058f4   Data          12  msh.o(FSymTab)
    __fsym___cmd_ps                          0x08005900   Data          12  msh.o(FSymTab)
    __fsym___cmd_free                        0x0800590c   Data          12  msh.o(FSymTab)
    __fsym___cmd_reboot                      0x08005918   Data          12  user_cmd.o(FSymTab)
    __fsym___cmd_clear                       0x08005924   Data          12  user_cmd.o(FSymTab)
    FSymTab$$Limit                           0x08005930   Number         0  user_cmd.o(FSymTab)
    Region$$Table$$Base                      0x08005930   Number         0  anon$$obj.o(Region$$Table)
    Region$$Table$$Limit                     0x08005950   Number         0  anon$$obj.o(Region$$Table)
    SystemCoreClock                          0x20000000   Data           4  system_stm32f10x.o(.data)
    AHBPrescTable                            0x20000004   Data          16  system_stm32f10x.o(.data)
    rt_interrupt_nest                        0x20000034   Data           1  irq.o(.data)
    rt_assert_hook                           0x2000003c   Data           4  kservice.o(.data)
    rt_object_trytake_hook                   0x200000b8   Data           4  object.o(.data)
    rt_object_take_hook                      0x200000bc   Data           4  object.o(.data)
    rt_object_put_hook                       0x200000c0   Data           4  object.o(.data)
    rt_current_thread                        0x200000c8   Data           4  scheduler.o(.data)
    rt_current_priority                      0x200000cc   Data           1  scheduler.o(.data)
    rt_thread_ready_priority_group           0x200000d0   Data           4  scheduler.o(.data)
    rt_thread_defunct                        0x200000d4   Data           8  scheduler.o(.data)
    rt_interrupt_from_thread                 0x20000100   Data           4  cpuport.o(.data)
    rt_interrupt_to_thread                   0x20000104   Data           4  cpuport.o(.data)
    rt_thread_switch_interrupt_flag          0x20000108   Data           4  cpuport.o(.data)
    _syscall_table_begin                     0x20000110   Data           4  shell.o(.data)
    _syscall_table_end                       0x20000114   Data           4  shell.o(.data)
    _sysvar_table_begin                      0x20000118   Data           4  shell.o(.data)
    _sysvar_table_end                        0x2000011c   Data           4  shell.o(.data)
    shell                                    0x20000120   Data           4  shell.o(.data)
    rt_thread_priority_table                 0x20000370   Data         256  scheduler.o(.bss)
    __initial_sp                             0x200030f8   Data           0  startup_stm32f10x_md.o(STACK)



==============================================================================

Memory Map of the image

  Image Entry point : 0x080000ed

  Load Region LR_IROM1 (Base: 0x08000000, Size: 0x00005a78, Max: 0x00010000, ABSOLUTE)

    Execution Region ER_IROM1 (Exec base: 0x08000000, Load base: 0x08000000, Size: 0x00005950, Max: 0x00010000, ABSOLUTE)

    Exec Addr    Load Addr    Size         Type   Attr      Idx    E Section Name        Object

    0x08000000   0x08000000   0x000000ec   Data   RO          181    RESET               startup_stm32f10x_md.o
    0x080000ec   0x080000ec   0x00000000   Code   RO         5017  * .ARM.Collect$$$$00000000  mc_w.l(entry.o)
    0x080000ec   0x080000ec   0x00000004   Code   RO         5038    .ARM.Collect$$$$00000001  mc_w.l(entry2.o)
    0x080000f0   0x080000f0   0x00000004   Code   RO         5041    .ARM.Collect$$$$00000004  mc_w.l(entry5.o)
    0x080000f4   0x080000f4   0x00000000   Code   RO         5043    .ARM.Collect$$$$00000008  mc_w.l(entry7b.o)
    0x080000f4   0x080000f4   0x00000000   Code   RO         5045    .ARM.Collect$$$$0000000A  mc_w.l(entry8b.o)
    0x080000f4   0x080000f4   0x00000008   Code   RO         5046    .ARM.Collect$$$$0000000B  mc_w.l(entry9a.o)
    0x080000fc   0x080000fc   0x00000000   Code   RO         5048    .ARM.Collect$$$$0000000D  mc_w.l(entry10a.o)
    0x080000fc   0x080000fc   0x00000000   Code   RO         5050    .ARM.Collect$$$$0000000F  mc_w.l(entry11a.o)
    0x080000fc   0x080000fc   0x00000004   Code   RO         5039    .ARM.Collect$$$$00002712  mc_w.l(entry2.o)
    0x08000100   0x08000100   0x00000024   Code   RO          182    .text               startup_stm32f10x_md.o
    0x08000124   0x08000124   0x000000f4   Code   RO         4661    .text               context_rvds.o
    0x08000218   0x08000218   0x00000024   Code   RO         5020    .text               mc_w.l(memcpya.o)
    0x0800023c   0x0800023c   0x00000024   Code   RO         5022    .text               mc_w.l(memseta.o)
    0x08000260   0x08000260   0x00000018   Code   RO         5024    .text               mc_w.l(strcat.o)
    0x08000278   0x08000278   0x00000018   Code   RO         5026    .text               mc_w.l(strncpy.o)
    0x08000290   0x08000290   0x0000000e   Code   RO         5028    .text               mc_w.l(strlen.o)
    0x0800029e   0x0800029e   0x0000001a   Code   RO         5030    .text               mc_w.l(memcmp.o)
    0x080002b8   0x080002b8   0x00000012   Code   RO         5032    .text               mc_w.l(strcpy.o)
    0x080002ca   0x080002ca   0x0000001e   Code   RO         5034    .text               mc_w.l(strncmp.o)
    0x080002e8   0x080002e8   0x00000024   Code   RO         5052    .text               mc_w.l(init.o)
    0x0800030c   0x0800030c   0x0000000a   Code   RO         3527    i.$Sub$$main        components.o
    0x08000316   0x08000316   0x00000004   Code   RO           17    i.BusFault_Handler  stm32f10x_it.o
    0x0800031a   0x0800031a   0x00000002   Code   RO           18    i.DebugMon_Handler  stm32f10x_it.o
    0x0800031c   0x0800031c   0x00000116   Code   RO         1337    i.GPIO_Init         stm32f10x_gpio.o
    0x08000432   0x08000432   0x00000004   Code   RO           19    i.MemManage_Handler  stm32f10x_it.o
    0x08000436   0x08000436   0x00000002   Code   RO           20    i.NMI_Handler       stm32f10x_it.o
    0x08000438   0x08000438   0x00000020   Code   RO         1755    i.RCC_APB2PeriphClockCmd  stm32f10x_rcc.o
    0x08000458   0x08000458   0x000000d4   Code   RO         1763    i.RCC_GetClocksFreq  stm32f10x_rcc.o
    0x0800052c   0x0800052c   0x00000002   Code   RO           21    i.SVC_Handler       stm32f10x_it.o
    0x0800052e   0x0800052e   0x00000008   Code   RO          145    i.SetSysClock       system_stm32f10x.o
    0x08000536   0x08000536   0x00000002   PAD
    0x08000538   0x08000538   0x000000e0   Code   RO          146    i.SetSysClockTo72   system_stm32f10x.o
    0x08000618   0x08000618   0x00000010   Code   RO         4612    i.SysTick_Handler   board.o
    0x08000628   0x08000628   0x000000a4   Code   RO          147    i.SystemCoreClockUpdate  system_stm32f10x.o
    0x080006cc   0x080006cc   0x00000060   Code   RO          148    i.SystemInit        system_stm32f10x.o
    0x0800072c   0x0800072c   0x00000020   Code   RO         3213    i.USART1_IRQHandler  usart.o
    0x0800074c   0x0800074c   0x0000001e   Code   RO         2920    i.USART_ClearITPendingBit  stm32f10x_usart.o
    0x0800076a   0x0800076a   0x00000018   Code   RO         2923    i.USART_Cmd         stm32f10x_usart.o
    0x08000782   0x08000782   0x00000054   Code   RO         2927    i.USART_GetITStatus  stm32f10x_usart.o
    0x080007d6   0x080007d6   0x00000002   PAD
    0x080007d8   0x080007d8   0x000000d8   Code   RO         2930    i.USART_Init        stm32f10x_usart.o
    0x080008b0   0x080008b0   0x00000004   Code   RO           22    i.UsageFault_Handler  stm32f10x_it.o
    0x080008b4   0x080008b4   0x00000030   Code   RO         4613    i._SysTick_Config   board.o
    0x080008e4   0x080008e4   0x0000004c   Code   RO         3871    i.__rt_ffs          kservice.o
    0x08000930   0x08000930   0x0000000e   Code   RO         5056    i.__scatterload_copy  mc_w.l(handlers.o)
    0x0800093e   0x0800093e   0x00000002   Code   RO         5057    i.__scatterload_null  mc_w.l(handlers.o)
    0x08000940   0x08000940   0x0000000e   Code   RO         5058    i.__scatterload_zeroinit  mc_w.l(handlers.o)
    0x0800094e   0x0800094e   0x00000002   PAD
    0x08000950   0x08000950   0x00000014   Code   RO         3605    i._has_defunct_thread  idle.o
    0x08000964   0x08000964   0x00000098   Code   RO         4821    i._msh_exec_cmd     msh.o
    0x080009fc   0x080009fc   0x000000d0   Code   RO         4348    i._rt_thread_init   thread.o
    0x08000acc   0x08000acc   0x00000042   Code   RO         4491    i._rt_timer_init    timer.o
    0x08000b0e   0x08000b0e   0x0000002e   Code   RO         4492    i._rt_timer_remove  timer.o
    0x08000b3c   0x08000b3c   0x000000fc   Code   RO         4665    i.bus_fault_track   cpuport.o
    0x08000c38   0x08000c38   0x00000014   Code   RO         4997    i.clear             user_cmd.o
    0x08000c4c   0x08000c4c   0x0000000e   Code   RO         4822    i.cmd_free          msh.o
    0x08000c5a   0x08000c5a   0x0000000e   Code   RO         4823    i.cmd_ps            msh.o
    0x08000c68   0x08000c68   0x00000078   Code   RO         4895    i.finsh_get_prompt  shell.o
    0x08000ce0   0x08000ce0   0x00000008   Code   RO         4897    i.finsh_getchar     shell.o
    0x08000ce8   0x08000ce8   0x00000048   Code   RO         4900    i.finsh_set_prompt_mode  shell.o
    0x08000d30   0x08000d30   0x00000014   Code   RO         4901    i.finsh_system_function_init  shell.o
    0x08000d44   0x08000d44   0x0000009c   Code   RO         4902    i.finsh_system_init  shell.o
    0x08000de0   0x08000de0   0x000004ec   Code   RO         4904    i.finsh_thread_entry  shell.o
    0x080012cc   0x080012cc   0x00000080   Code   RO         4666    i.hard_fault_track  cpuport.o
    0x0800134c   0x0800134c   0x00000020   Code   RO         4725    i.hello             cmd.o
    0x0800136c   0x0800136c   0x00000034   Code   RO         3386    i.lcd_st7789_clear_with  lcd_st7789.o
    0x080013a0   0x080013a0   0x00000018   Code   RO         3388    i.lcd_st7789_displayOn  lcd_st7789.o
    0x080013b8   0x080013b8   0x00000070   Code   RO         3390    i.lcd_st7789_gpio   lcd_st7789.o
    0x08001428   0x08001428   0x00000044   Code   RO         3391    i.lcd_st7789_hw_reset  lcd_st7789.o
    0x0800146c   0x0800146c   0x00000174   Code   RO         3392    i.lcd_st7789_init   lcd_st7789.o
    0x080015e0   0x080015e0   0x00000010   Code   RO         3394    i.lcd_st7789_powerUp  lcd_st7789.o
    0x080015f0   0x080015f0   0x00000058   Code   RO         3396    i.lcd_st7789_send_cmd  lcd_st7789.o
    0x08001648   0x08001648   0x00000058   Code   RO         3397    i.lcd_st7789_send_dat  lcd_st7789.o
    0x080016a0   0x080016a0   0x00000012   Code   RO         3398    i.lcd_st7789_send_pixel_dat  lcd_st7789.o
    0x080016b2   0x080016b2   0x0000003a   Code   RO         3399    i.lcd_st7789_set_region  lcd_st7789.o
    0x080016ec   0x080016ec   0x00000020   Code   RO         3401    i.lcd_st7789_trans_byte  lcd_st7789.o
    0x0800170c   0x0800170c   0x00000068   Code   RO         4726    i.list              cmd.o
    0x08001774   0x08001774   0x00000144   Code   RO         4727    i.list_event        cmd.o
    0x080018b8   0x080018b8   0x0000002a   Code   RO         4728    i.list_find_init    cmd.o
    0x080018e2   0x080018e2   0x00000088   Code   RO         4729    i.list_get_next     cmd.o
    0x0800196a   0x0800196a   0x00000002   PAD
    0x0800196c   0x0800196c   0x00000078   Code   RO         4063    i.list_mem          mem.o
    0x080019e4   0x080019e4   0x00000110   Code   RO         4730    i.list_mutex        cmd.o
    0x08001af4   0x08001af4   0x00000138   Code   RO         4731    i.list_sem          cmd.o
    0x08001c2c   0x08001c2c   0x000001e4   Code   RO         4732    i.list_thread       cmd.o
    0x08001e10   0x08001e10   0x00000160   Code   RO         4733    i.list_timer        cmd.o
    0x08001f70   0x08001f70   0x0000000e   Code   RO         3153    i.main              main.o
    0x08001f7e   0x08001f7e   0x0000000e   Code   RO         3528    i.main_thread_entry  components.o
    0x08001f8c   0x08001f8c   0x000000e8   Code   RO         4667    i.mem_manage_fault_track  cpuport.o
    0x08002074   0x08002074   0x000000a0   Code   RO         4824    i.msh_auto_complete  msh.o
    0x08002114   0x08002114   0x0000006c   Code   RO         4825    i.msh_exec          msh.o
    0x08002180   0x08002180   0x0000005c   Code   RO         4826    i.msh_get_cmd       msh.o
    0x080021dc   0x080021dc   0x00000080   Code   RO         4827    i.msh_help          msh.o
    0x0800225c   0x0800225c   0x00000004   Code   RO         4828    i.msh_is_used       msh.o
    0x08002260   0x08002260   0x000000f0   Code   RO         4829    i.msh_split         msh.o
    0x08002350   0x08002350   0x0000001c   Code   RO         3216    i.my_getc           usart.o
    0x0800236c   0x0800236c   0x0000001c   Code   RO         3217    i.my_putc           usart.o
    0x08002388   0x08002388   0x0000001c   Code   RO         4734    i.object_split      cmd.o
    0x080023a4   0x080023a4   0x0000010c   Code   RO         4064    i.plug_holes        mem.o
    0x080024b0   0x080024b0   0x00000198   Code   RO         3873    i.print_number      kservice.o
    0x08002648   0x08002648   0x0000000c   Code   RO         4998    i.reboot            user_cmd.o
    0x08002654   0x08002654   0x00000050   Code   RO         3529    i.rt_application_init  components.o
    0x080026a4   0x080026a4   0x00000074   Code   RO         3874    i.rt_assert_handler  kservice.o
    0x08002718   0x08002718   0x00000022   Code   RO         4065    i.rt_calloc         mem.o
    0x0800273a   0x0800273a   0x00000002   PAD
    0x0800273c   0x0800273c   0x0000001c   Code   RO         3530    i.rt_components_board_init  components.o
    0x08002758   0x08002758   0x0000001c   Code   RO         3531    i.rt_components_init  components.o
    0x08002774   0x08002774   0x00000020   Code   RO         4269    i.rt_enter_critical  scheduler.o
    0x08002794   0x08002794   0x00000044   Code   RO         4270    i.rt_exit_critical  scheduler.o
    0x080027d8   0x080027d8   0x0000020c   Code   RO         4066    i.rt_free           mem.o
    0x080029e4   0x080029e4   0x00000008   Code   RO         4614    i.rt_heap_begin_get  board.o
    0x080029ec   0x080029ec   0x00000008   Code   RO         4615    i.rt_heap_end_get   board.o
    0x080029f4   0x080029f4   0x00000044   Code   RO         4616    i.rt_hw_board_init  board.o
    0x08002a38   0x08002a38   0x00000008   Code   RO         4617    i.rt_hw_console_getchar  board.o
    0x08002a40   0x08002a40   0x00000034   Code   RO         4618    i.rt_hw_console_output  board.o
    0x08002a74   0x08002a74   0x00000010   Code   RO         4668    i.rt_hw_cpu_reset   cpuport.o
    0x08002a84   0x08002a84   0x00000208   Code   RO         4671    i.rt_hw_hard_fault_exception  cpuport.o
    0x08002c8c   0x08002c8c   0x0000004c   Code   RO         4672    i.rt_hw_stack_init  cpuport.o
    0x08002cd8   0x08002cd8   0x00000038   Code   RO         3832    i.rt_interrupt_enter  irq.o
    0x08002d10   0x08002d10   0x0000000c   Code   RO         3834    i.rt_interrupt_get_nest  irq.o
    0x08002d1c   0x08002d1c   0x00000038   Code   RO         3835    i.rt_interrupt_leave  irq.o
    0x08002d54   0x08002d54   0x00000018   Code   RO         3665    i.rt_ipc_list_resume  ipc.o
    0x08002d6c   0x08002d6c   0x0000006c   Code   RO         3667    i.rt_ipc_list_suspend  ipc.o
    0x08002dd8   0x08002dd8   0x00000010   Code   RO         3668    i.rt_ipc_object_init  ipc.o
    0x08002de8   0x08002de8   0x00000030   Code   RO         3879    i.rt_kprintf        kservice.o
    0x08002e18   0x08002e18   0x00000006   Code   RO         4271    i.rt_list_init      scheduler.o
    0x08002e1e   0x08002e1e   0x00000006   Code   RO         4493    i.rt_list_init      timer.o
    0x08002e24   0x08002e24   0x0000000e   Code   RO         4161    i.rt_list_insert_after  object.o
    0x08002e32   0x08002e32   0x0000000e   Code   RO         4349    i.rt_list_insert_after  thread.o
    0x08002e40   0x08002e40   0x0000000e   Code   RO         4494    i.rt_list_insert_after  timer.o
    0x08002e4e   0x08002e4e   0x0000000e   Code   RO         3669    i.rt_list_insert_before  ipc.o
    0x08002e5c   0x08002e5c   0x00000010   Code   RO         3670    i.rt_list_isempty   ipc.o
    0x08002e6c   0x08002e6c   0x00000010   Code   RO         4495    i.rt_list_isempty   timer.o
    0x08002e7c   0x08002e7c   0x00000010   Code   RO         4735    i.rt_list_isempty   cmd.o
    0x08002e8c   0x08002e8c   0x00000014   Code   RO         4736    i.rt_list_len       cmd.o
    0x08002ea0   0x08002ea0   0x00000012   Code   RO         4162    i.rt_list_remove    object.o
    0x08002eb2   0x08002eb2   0x00000012   Code   RO         4350    i.rt_list_remove    thread.o
    0x08002ec4   0x08002ec4   0x000002bc   Code   RO         4068    i.rt_malloc         mem.o
    0x08003180   0x08003180   0x00000042   Code   RO         3884    i.rt_memmove        kservice.o
    0x080031c2   0x080031c2   0x00000048   Code   RO         3885    i.rt_memset         kservice.o
    0x0800320a   0x0800320a   0x00000002   PAD
    0x0800320c   0x0800320c   0x000000ec   Code   RO         4163    i.rt_object_allocate  object.o
    0x080032f8   0x080032f8   0x000000a0   Code   RO         4165    i.rt_object_delete  object.o
    0x08003398   0x08003398   0x0000005c   Code   RO         4166    i.rt_object_detach  object.o
    0x080033f4   0x080033f4   0x00000028   Code   RO         4169    i.rt_object_get_information  object.o
    0x0800341c   0x0800341c   0x00000034   Code   RO         4170    i.rt_object_get_type  object.o
    0x08003450   0x08003450   0x000000b4   Code   RO         4171    i.rt_object_init    object.o
    0x08003504   0x08003504   0x0000003c   Code   RO         4172    i.rt_object_is_systemobject  object.o
    0x08003540   0x08003540   0x000000a4   Code   RO         4272    i.rt_schedule       scheduler.o
    0x080035e4   0x080035e4   0x0000007c   Code   RO         4273    i.rt_schedule_insert_thread  scheduler.o
    0x08003660   0x08003660   0x00000080   Code   RO         4274    i.rt_schedule_remove_thread  scheduler.o
    0x080036e0   0x080036e0   0x0000006c   Code   RO         3682    i.rt_sem_init       ipc.o
    0x0800374c   0x0800374c   0x00000090   Code   RO         3683    i.rt_sem_release    ipc.o
    0x080037dc   0x080037dc   0x000001a4   Code   RO         3684    i.rt_sem_take       ipc.o
    0x08003980   0x08003980   0x000000b0   Code   RO         3887    i.rt_show_version   kservice.o
    0x08003a30   0x08003a30   0x00000012   Code   RO         3893    i.rt_strlen         kservice.o
    0x08003a42   0x08003a42   0x00000034   Code   RO         3895    i.rt_strncpy        kservice.o
    0x08003a76   0x08003a76   0x00000002   PAD
    0x08003a78   0x08003a78   0x00000154   Code   RO         4072    i.rt_system_heap_init  mem.o
    0x08003bcc   0x08003bcc   0x00000050   Code   RO         4276    i.rt_system_scheduler_init  scheduler.o
    0x08003c1c   0x08003c1c   0x00000030   Code   RO         4277    i.rt_system_scheduler_start  scheduler.o
    0x08003c4c   0x08003c4c   0x0000001c   Code   RO         4496    i.rt_system_timer_init  timer.o
    0x08003c68   0x08003c68   0x00000002   Code   RO         4497    i.rt_system_timer_thread_init  timer.o
    0x08003c6a   0x08003c6a   0x00000050   Code   RO         4352    i.rt_thread_create  thread.o
    0x08003cba   0x08003cba   0x00000002   PAD
    0x08003cbc   0x08003cbc   0x00000058   Code   RO         4356    i.rt_thread_exit    thread.o
    0x08003d14   0x08003d14   0x00000028   Code   RO         3607    i.rt_thread_idle_entry  idle.o
    0x08003d3c   0x08003d3c   0x000000e8   Code   RO         3608    i.rt_thread_idle_excute  idle.o
    0x08003e24   0x08003e24   0x0000003c   Code   RO         3610    i.rt_thread_idle_init  idle.o
    0x08003e60   0x08003e60   0x0000007c   Code   RO         4358    i.rt_thread_init    thread.o
    0x08003edc   0x08003edc   0x00000014   Code   RO         4360    i.rt_thread_mdelay  thread.o
    0x08003ef0   0x08003ef0   0x0000009c   Code   RO         4361    i.rt_thread_resume  thread.o
    0x08003f8c   0x08003f8c   0x0000000c   Code   RO         4363    i.rt_thread_self    thread.o
    0x08003f98   0x08003f98   0x00000084   Code   RO         4364    i.rt_thread_sleep   thread.o
    0x0800401c   0x0800401c   0x000000c4   Code   RO         4365    i.rt_thread_startup  thread.o
    0x080040e0   0x080040e0   0x000000a4   Code   RO         4366    i.rt_thread_suspend  thread.o
    0x08004184   0x08004184   0x000000b4   Code   RO         4368    i.rt_thread_timeout  thread.o
    0x08004238   0x08004238   0x00000064   Code   RO         4369    i.rt_thread_yield   thread.o
    0x0800429c   0x0800429c   0x00000038   Code   RO         3487    i.rt_tick_from_millisecond  clock.o
    0x080042d4   0x080042d4   0x0000000c   Code   RO         3488    i.rt_tick_get       clock.o
    0x080042e0   0x080042e0   0x00000030   Code   RO         3489    i.rt_tick_increase  clock.o
    0x08004310   0x08004310   0x000000b4   Code   RO         4498    i.rt_timer_check    timer.o
    0x080043c4   0x080043c4   0x000000b8   Code   RO         4499    i.rt_timer_control  timer.o
    0x0800447c   0x0800447c   0x000000d4   Code   RO         4502    i.rt_timer_detach   timer.o
    0x08004550   0x08004550   0x00000054   Code   RO         4505    i.rt_timer_init     timer.o
    0x080045a4   0x080045a4   0x000001c0   Code   RO         4508    i.rt_timer_start    timer.o
    0x08004764   0x08004764   0x000000c0   Code   RO         4509    i.rt_timer_stop     timer.o
    0x08004824   0x08004824   0x00000330   Code   RO         3898    i.rt_vsnprintf      kservice.o
    0x08004b54   0x08004b54   0x00000004   Code   RO         3532    i.rti_board_end     components.o
    0x08004b58   0x08004b58   0x00000004   Code   RO         3533    i.rti_board_start   components.o
    0x08004b5c   0x08004b5c   0x00000004   Code   RO         3534    i.rti_end           components.o
    0x08004b60   0x08004b60   0x00000004   Code   RO         3535    i.rti_start         components.o
    0x08004b64   0x08004b64   0x0000002a   Code   RO         3536    i.rtthread_startup  components.o
    0x08004b8e   0x08004b8e   0x00000002   PAD
    0x08004b90   0x08004b90   0x00000038   Code   RO         4905    i.shell_auto_complete  shell.o
    0x08004bc8   0x08004bc8   0x00000030   Code   RO         4906    i.shell_handle_history  shell.o
    0x08004bf8   0x08004bf8   0x000000d8   Code   RO         4907    i.shell_push_history  shell.o
    0x08004cd0   0x08004cd0   0x00000030   Code   RO         4737    i.show_wait_queue   cmd.o
    0x08004d00   0x08004d00   0x00000026   Code   RO         3900    i.skip_atoi         kservice.o
    0x08004d26   0x08004d26   0x00000020   Code   RO         4830    i.str_common        msh.o
    0x08004d46   0x08004d46   0x00000002   PAD
    0x08004d48   0x08004d48   0x000000e8   Code   RO         4673    i.usage_fault_track  cpuport.o
    0x08004e30   0x08004e30   0x00000050   Code   RO         3218    i.usart_gpio        usart.o
    0x08004e80   0x08004e80   0x0000003e   Code   RO         3219    i.usart_init        usart.o
    0x08004ebe   0x08004ebe   0x0000000a   Code   RO         4738    i.version           cmd.o
    0x08004ec8   0x08004ec8   0x00000014   Data   RO         3537    .constdata          components.o
    0x08004edc   0x08004edc   0x00000016   Data   RO         3613    .constdata          idle.o
    0x08004ef2   0x08004ef2   0x00000139   Data   RO         3686    .constdata          ipc.o
    0x0800502b   0x0800502b   0x00000122   Data   RO         3902    .constdata          kservice.o
    0x0800514d   0x0800514d   0x0000003c   Data   RO         4074    .constdata          mem.o
    0x08005189   0x08005189   0x00000080   Data   RO         4177    .constdata          object.o
    0x08005209   0x08005209   0x00000034   Data   RO         4279    .constdata          scheduler.o
    0x0800523d   0x0800523d   0x000000b9   Data   RO         4370    .constdata          thread.o
    0x080052f6   0x080052f6   0x0000005c   Data   RO         4510    .constdata          timer.o
    0x08005352   0x08005352   0x0000000e   Data   RO         4831    .constdata          msh.o
    0x08005360   0x08005360   0x0000004a   Data   RO         4909    .constdata          shell.o
    0x080053aa   0x080053aa   0x00000002   PAD
    0x080053ac   0x080053ac   0x00000045   Data   RO         3687    .conststring        ipc.o
    0x080053f1   0x080053f1   0x00000003   PAD
    0x080053f4   0x080053f4   0x000000ed   Data   RO         4075    .conststring        mem.o
    0x080054e1   0x080054e1   0x00000003   PAD
    0x080054e4   0x080054e4   0x00000042   Data   RO         4371    .conststring        thread.o
    0x08005526   0x08005526   0x00000002   PAD
    0x08005528   0x08005528   0x00000044   Data   RO         4739    .conststring        cmd.o
    0x0800556c   0x0800556c   0x00000027   Data   RO         4077    .rodata.name        mem.o
    0x08005593   0x08005593   0x000001e3   Data   RO         4740    .rodata.name        cmd.o
    0x08005776   0x08005776   0x00000076   Data   RO         4832    .rodata.name        msh.o
    0x080057ec   0x080057ec   0x0000003e   Data   RO         4999    .rodata.name        user_cmd.o
    0x0800582a   0x0800582a   0x00000002   PAD
    0x0800582c   0x0800582c   0x00000004   Data   RO         3538    .rti_fn.0           components.o
    0x08005830   0x08005830   0x00000004   Data   RO         3539    .rti_fn.0.end       components.o
    0x08005834   0x08005834   0x00000004   Data   RO         3540    .rti_fn.1.end       components.o
    0x08005838   0x08005838   0x00000004   Data   RO         4911    .rti_fn.6           shell.o
    0x0800583c   0x0800583c   0x00000004   Data   RO         3541    .rti_fn.6.end       components.o
    0x08005840   0x08005840   0x0000000c   Data   RO         4078    FSymTab             mem.o
    0x0800584c   0x0800584c   0x000000a8   Data   RO         4741    FSymTab             cmd.o
    0x080058f4   0x080058f4   0x00000024   Data   RO         4833    FSymTab             msh.o
    0x08005918   0x08005918   0x00000018   Data   RO         5000    FSymTab             user_cmd.o
    0x08005930   0x08005930   0x00000020   Data   RO         5054    Region$$Table       anon$$obj.o


    Execution Region RW_IRAM1 (Exec base: 0x20000000, Load base: 0x08005950, Size: 0x000030f8, Max: 0x00005000, ABSOLUTE)

    Exec Addr    Load Addr    Size         Type   Attr      Idx    E Section Name        Object

    0x20000000   0x08005950   0x00000014   Data   RW          149    .data               system_stm32f10x.o
    0x20000014   0x08005964   0x00000014   Data   RW         1783    .data               stm32f10x_rcc.o
    0x20000028   0x08005978   0x00000004   Data   RW         3491    .data               clock.o
    0x2000002c   0x0800597c   0x00000009   Data   RW         3837    .data               irq.o
    0x20000035   0x08005985   0x00000003   PAD
    0x20000038   0x08005988   0x00000008   Data   RW         3903    .data               kservice.o
    0x20000040   0x08005990   0x00000020   Data   RW         4076    .data               mem.o
    0x20000060   0x080059b0   0x00000064   Data   RW         4178    .data               object.o
    0x200000c4   0x08005a14   0x0000001c   Data   RW         4280    .data               scheduler.o
    0x200000e0   0x08005a30   0x0000000c   Data   RW         4372    .data               thread.o
    0x200000ec   0x08005a3c   0x00000014   Data   RW         4511    .data               timer.o
    0x20000100   0x08005a50   0x00000010   Data   RW         4675    .data               cpuport.o
    0x20000110   0x08005a60   0x00000018   Data   RW         4910    .data               shell.o
    0x20000128        -       0x000001a0   Zero   RW         3612    .bss                idle.o
    0x200002c8        -       0x00000080   Zero   RW         3901    .bss                kservice.o
    0x20000348        -       0x00000028   Zero   RW         4073    .bss                mem.o
    0x20000370        -       0x00000100   Zero   RW         4278    .bss                scheduler.o
    0x20000470        -       0x00002800   Zero   RW         4619    .bss                board.o
    0x20002c70        -       0x00000081   Zero   RW         4908    .bss                shell.o
    0x20002cf1   0x08005a78   0x00000007   PAD
    0x20002cf8        -       0x00000400   Zero   RW          179    STACK               startup_stm32f10x_md.o


==============================================================================

Image component sizes


      Code (inc. data)   RO Data    RW Data    ZI Data      Debug   Object Name

       208         22          0          0      10240       4566   board.o
       116         12          0          4          0       1752   clock.o
      2180        754        719          0          0      16170   cmd.o
       218         50         36          0          0       5888   components.o
       244         26          0          0          0        756   context_rvds.o
         0          0          0          0          0       4548   core_cm3.o
      1456        732          0         16          0       5656   cpuport.o
       352         84         22          0        416       5842   idle.o
       850        202        382          0          0      21303   ipc.o
       124         26          0          9          0       2174   irq.o
      1886        224        290          8        128      10260   kservice.o
       928         38          0          0          0       5860   lcd_st7789.o
        14          0          0          0          0       7621   main.o
      1986        754        348         32         40       6880   mem.o
       944        180        168          0          0       8416   msh.o
       852        284        128        100          0      10450   object.o
       650        144         52         28        256       8654   scheduler.o
      1956        200         78         24        129      13746   shell.o
        36          8        236          0       1024        772   startup_stm32f10x_md.o
       278          0          0          0          0       1852   stm32f10x_gpio.o
        18          0          0          0          0     227123   stm32f10x_it.o
       244         26          0         20          0       3673   stm32f10x_rcc.o
       354          6          0          0          0       3991   stm32f10x_usart.o
       492         50          0         20          0       2633   system_stm32f10x.o
      1492        402        251         12          0      15818   thread.o
      1478        484         92         20          0      12307   timer.o
       230         20          0          0          0       2597   usart.o
        32          8         86          0          0       1999   user_cmd.o

    ----------------------------------------------------------------------
     19636       4736       2932        296      12240     413307   Object Totals
         0          0         32          0          0          0   (incl. Generated)
        18          0         12          3          7          0   (incl. Padding)

    ----------------------------------------------------------------------

      Code (inc. data)   RO Data    RW Data    ZI Data      Debug   Library Member Name

         0          0          0          0          0          0   entry.o
         0          0          0          0          0          0   entry10a.o
         0          0          0          0          0          0   entry11a.o
         8          4          0          0          0          0   entry2.o
         4          0          0          0          0          0   entry5.o
         0          0          0          0          0          0   entry7b.o
         0          0          0          0          0          0   entry8b.o
         8          4          0          0          0          0   entry9a.o
        30          0          0          0          0          0   handlers.o
        36          8          0          0          0         68   init.o
        26          0          0          0          0         80   memcmp.o
        36          0          0          0          0         68   memcpya.o
        36          0          0          0          0        108   memseta.o
        24          0          0          0          0         68   strcat.o
        18          0          0          0          0         68   strcpy.o
        14          0          0          0          0         68   strlen.o
        30          0          0          0          0         80   strncmp.o
        24          0          0          0          0         76   strncpy.o

    ----------------------------------------------------------------------
       296         16          0          0          0        684   Library Totals
         2          0          0          0          0          0   (incl. Padding)

    ----------------------------------------------------------------------

      Code (inc. data)   RO Data    RW Data    ZI Data      Debug   Library Name

       294         16          0          0          0        684   mc_w.l

    ----------------------------------------------------------------------
       296         16          0          0          0        684   Library Totals

    ----------------------------------------------------------------------

==============================================================================


      Code (inc. data)   RO Data    RW Data    ZI Data      Debug   

     19932       4752       2932        296      12240     405095   Grand Totals
     19932       4752       2932        296      12240     405095   ELF Image Totals
     19932       4752       2932        296          0          0   ROM Totals

==============================================================================

    Total RO  Size (Code + RO Data)                22864 (  22.33kB)
    Total RW  Size (RW Data + ZI Data)             12536 (  12.24kB)
    Total ROM Size (Code + RO Data + RW Data)      23160 (  22.62kB)

==============================================================================

