Component: ARM Compiler 5.06 update 6 (build 750) Tool: armlink [4d35ed]

==============================================================================

Section Cross References

    system_stm32f10x.o(i.SetSysClock) refers to system_stm32f10x.o(i.SetSysClockTo72) for SetSysClockTo72
    system_stm32f10x.o(i.SystemCoreClockUpdate) refers to system_stm32f10x.o(.data) for SystemCoreClock
    system_stm32f10x.o(i.SystemInit) refers to system_stm32f10x.o(i.SetSysClock) for SetSysClock
    startup_stm32f10x_md.o(RESET) refers to startup_stm32f10x_md.o(STACK) for __initial_sp
    startup_stm32f10x_md.o(RESET) refers to startup_stm32f10x_md.o(.text) for Reset_Handler
    startup_stm32f10x_md.o(RESET) refers to stm32f10x_it.o(i.NMI_Handler) for NMI_Handler
    startup_stm32f10x_md.o(RESET) refers to context_rvds.o(.text) for HardFault_Handler
    startup_stm32f10x_md.o(RESET) refers to stm32f10x_it.o(i.MemManage_Handler) for MemManage_Handler
    startup_stm32f10x_md.o(RESET) refers to stm32f10x_it.o(i.BusFault_Handler) for BusFault_Handler
    startup_stm32f10x_md.o(RESET) refers to stm32f10x_it.o(i.UsageFault_Handler) for UsageFault_Handler
    startup_stm32f10x_md.o(RESET) refers to stm32f10x_it.o(i.SVC_Handler) for SVC_Handler
    startup_stm32f10x_md.o(RESET) refers to stm32f10x_it.o(i.DebugMon_Handler) for DebugMon_Handler
    startup_stm32f10x_md.o(RESET) refers to board.o(i.SysTick_Handler) for SysTick_Handler
    startup_stm32f10x_md.o(RESET) refers to usart.o(i.USART1_IRQHandler) for USART1_IRQHandler
    startup_stm32f10x_md.o(.text) refers to system_stm32f10x.o(i.SystemInit) for SystemInit
    startup_stm32f10x_md.o(.text) refers to entry.o(.ARM.Collect$$$$00000000) for __main
    stm32f10x_adc.o(i.ADC_DeInit) refers to stm32f10x_rcc.o(i.RCC_APB2PeriphResetCmd) for RCC_APB2PeriphResetCmd
    stm32f10x_bkp.o(i.BKP_DeInit) refers to stm32f10x_rcc.o(i.RCC_BackupResetCmd) for RCC_BackupResetCmd
    stm32f10x_can.o(i.CAN_DeInit) refers to stm32f10x_rcc.o(i.RCC_APB1PeriphResetCmd) for RCC_APB1PeriphResetCmd
    stm32f10x_can.o(i.CAN_GetITStatus) refers to stm32f10x_can.o(i.CheckITStatus) for CheckITStatus
    stm32f10x_cec.o(i.CEC_DeInit) refers to stm32f10x_rcc.o(i.RCC_APB1PeriphResetCmd) for RCC_APB1PeriphResetCmd
    stm32f10x_dac.o(i.DAC_DeInit) refers to stm32f10x_rcc.o(i.RCC_APB1PeriphResetCmd) for RCC_APB1PeriphResetCmd
    stm32f10x_flash.o(i.FLASH_EnableWriteProtection) refers to stm32f10x_flash.o(i.FLASH_WaitForLastOperation) for FLASH_WaitForLastOperation
    stm32f10x_flash.o(i.FLASH_EraseAllBank1Pages) refers to stm32f10x_flash.o(i.FLASH_WaitForLastBank1Operation) for FLASH_WaitForLastBank1Operation
    stm32f10x_flash.o(i.FLASH_EraseAllPages) refers to stm32f10x_flash.o(i.FLASH_WaitForLastOperation) for FLASH_WaitForLastOperation
    stm32f10x_flash.o(i.FLASH_EraseOptionBytes) refers to stm32f10x_flash.o(i.FLASH_GetReadOutProtectionStatus) for FLASH_GetReadOutProtectionStatus
    stm32f10x_flash.o(i.FLASH_EraseOptionBytes) refers to stm32f10x_flash.o(i.FLASH_WaitForLastOperation) for FLASH_WaitForLastOperation
    stm32f10x_flash.o(i.FLASH_ErasePage) refers to stm32f10x_flash.o(i.FLASH_WaitForLastOperation) for FLASH_WaitForLastOperation
    stm32f10x_flash.o(i.FLASH_ProgramHalfWord) refers to stm32f10x_flash.o(i.FLASH_WaitForLastOperation) for FLASH_WaitForLastOperation
    stm32f10x_flash.o(i.FLASH_ProgramOptionByteData) refers to stm32f10x_flash.o(i.FLASH_WaitForLastOperation) for FLASH_WaitForLastOperation
    stm32f10x_flash.o(i.FLASH_ProgramWord) refers to stm32f10x_flash.o(i.FLASH_WaitForLastOperation) for FLASH_WaitForLastOperation
    stm32f10x_flash.o(i.FLASH_ReadOutProtection) refers to stm32f10x_flash.o(i.FLASH_WaitForLastOperation) for FLASH_WaitForLastOperation
    stm32f10x_flash.o(i.FLASH_UserOptionByteConfig) refers to stm32f10x_flash.o(i.FLASH_WaitForLastOperation) for FLASH_WaitForLastOperation
    stm32f10x_flash.o(i.FLASH_WaitForLastBank1Operation) refers to stm32f10x_flash.o(i.FLASH_GetBank1Status) for FLASH_GetBank1Status
    stm32f10x_flash.o(i.FLASH_WaitForLastOperation) refers to stm32f10x_flash.o(i.FLASH_GetBank1Status) for FLASH_GetBank1Status
    stm32f10x_gpio.o(i.GPIO_AFIODeInit) refers to stm32f10x_rcc.o(i.RCC_APB2PeriphResetCmd) for RCC_APB2PeriphResetCmd
    stm32f10x_gpio.o(i.GPIO_DeInit) refers to stm32f10x_rcc.o(i.RCC_APB2PeriphResetCmd) for RCC_APB2PeriphResetCmd
    stm32f10x_i2c.o(i.I2C_DeInit) refers to stm32f10x_rcc.o(i.RCC_APB1PeriphResetCmd) for RCC_APB1PeriphResetCmd
    stm32f10x_i2c.o(i.I2C_Init) refers to stm32f10x_rcc.o(i.RCC_GetClocksFreq) for RCC_GetClocksFreq
    stm32f10x_pwr.o(i.PWR_DeInit) refers to stm32f10x_rcc.o(i.RCC_APB1PeriphResetCmd) for RCC_APB1PeriphResetCmd
    stm32f10x_rcc.o(i.RCC_GetClocksFreq) refers to stm32f10x_rcc.o(.data) for APBAHBPrescTable
    stm32f10x_rcc.o(i.RCC_WaitForHSEStartUp) refers to stm32f10x_rcc.o(i.RCC_GetFlagStatus) for RCC_GetFlagStatus
[...]
    i.rt_system_heap_init                    0x08004390   Section        0  mem.o(i.rt_system_heap_init)
    i.rt_system_scheduler_init               0x080044e4   Section        0  scheduler.o(i.rt_system_scheduler_init)
    i.rt_system_scheduler_start              0x08004534   Section        0  scheduler.o(i.rt_system_scheduler_start)
    i.rt_system_timer_init                   0x08004564   Section        0  timer.o(i.rt_system_timer_init)
    i.rt_system_timer_thread_init            0x08004580   Section        0  timer.o(i.rt_system_timer_thread_init)
    i.rt_thread_create                       0x08004582   Section        0  thread.o(i.rt_thread_create)
    i.rt_thread_exit                         0x080045d4   Section        0  thread.o(i.rt_thread_exit)
    i.rt_thread_idle_entry                   0x0800462c   Section        0  idle.o(i.rt_thread_idle_entry)
    rt_thread_idle_entry                     0x0800462d   Thumb Code    36  idle.o(i.rt_thread_idle_entry)
    i.rt_thread_idle_excute                  0x08004654   Section        0  idle.o(i.rt_thread_idle_excute)
    i.rt_thread_idle_init                    0x0800473c   Section        0  idle.o(i.rt_thread_idle_init)
    i.rt_thread_init                         0x08004778   Section        0  thread.o(i.rt_thread_init)
    i.rt_thread_mdelay                       0x080047f4   Section        0  thread.o(i.rt_thread_mdelay)
    i.rt_thread_resume                       0x08004808   Section        0  thread.o(i.rt_thread_resume)
    i.rt_thread_self                         0x080048a4   Section        0  thread.o(i.rt_thread_self)
    i.rt_thread_sleep                        0x080048b0   Section        0  thread.o(i.rt_thread_sleep)
    i.rt_thread_startup                      0x08004934   Section        0  thread.o(i.rt_thread_startup)
    i.rt_thread_suspend                      0x080049f8   Section        0  thread.o(i.rt_thread_suspend)
    i.rt_thread_timeout                      0x08004a9c   Section        0  thread.o(i.rt_thread_timeout)
    i.rt_thread_yield                        0x08004b50   Section        0  thread.o(i.rt_thread_yield)
    i.rt_tick_from_millisecond               0x08004bb4   Section        0  clock.o(i.rt_tick_from_millisecond)
    i.rt_tick_get                            0x08004bec   Section        0  clock.o(i.rt_tick_get)
    i.rt_tick_increase                       0x08004bf8   Section        0  clock.o(i.rt_tick_increase)
    i.rt_timer_check                         0x08004c28   Section        0  timer.o(i.rt_timer_check)
    i.rt_timer_control                       0x08004cdc   Section        0  timer.o(i.rt_timer_control)
    i.rt_timer_detach                        0x08004d94   Section        0  timer.o(i.rt_timer_detach)
    i.rt_timer_init                          0x08004e68   Section        0  timer.o(i.rt_timer_init)
    i.rt_timer_start                         0x08004ebc   Section        0  timer.o(i.rt_timer_start)
    i.rt_timer_stop                          0x0800507c   Section        0  timer.o(i.rt_timer_stop)
    i.rt_vsnprintf                           0x0800513c   Section        0  kservice.o(i.rt_vsnprintf)
    i.rti_board_end                          0x0800546c   Section        0  components.o(i.rti_board_end)
    rti_board_end                            0x0800546d   Thumb Code     4  components.o(i.rti_board_end)
    i.rti_board_start                        0x08005470   Section        0  components.o(i.rti_board_start)
    rti_board_start                          0x08005471   Thumb Code     4  components.o(i.rti_board_start)
    i.rti_end                                0x08005474   Section        0  components.o(i.rti_end)
    rti_end                                  0x08005475   Thumb Code     4  components.o(i.rti_end)
    i.rti_start                              0x08005478   Section        0  components.o(i.rti_start)
    rti_start                                0x08005479   Thumb Code     4  components.o(i.rti_start)
    i.rtthread_startup                       0x0800547c   Section        0  components.o(i.rtthread_startup)
    i.shell_auto_complete                    0x080054a8   Section        0  shell.o(i.shell_auto_complete)
    shell_auto_complete                      0x080054a9   Thumb Code    42  shell.o(i.shell_auto_complete)
    i.shell_handle_history                   0x080054e0   Section        0  shell.o(i.shell_handle_history)
    shell_handle_history                     0x080054e1   Thumb Code    32  shell.o(i.shell_handle_history)
    i.shell_push_history                     0x08005510   Section        0  shell.o(i.shell_push_history)
    shell_push_history                       0x08005511   Thumb Code   216  shell.o(i.shell_push_history)
    i.show_wait_queue                        0x080055e8   Section        0  cmd.o(i.show_wait_queue)
    show_wait_queue                          0x080055e9   Thumb Code    40  cmd.o(i.show_wait_queue)
    i.skip_atoi                              0x08005618   Section        0  kservice.o(i.skip_atoi)
    skip_atoi                                0x08005619   Thumb Code    38  kservice.o(i.skip_atoi)
    i.str_common                             0x0800563e   Section        0  msh.o(i.str_common)
    str_common                               0x0800563f   Thumb Code    32  msh.o(i.str_common)
    i.usage_fault_track                      0x08005660   Section        0  cpuport.o(i.usage_fault_track)
    usage_fault_track                        0x08005661   Thumb Code   122  cpuport.o(i.usage_fault_track)
    i.usart_gpio                             0x08005748   Section        0  usart.o(i.usart_gpio)
    usart_gpio                               0x08005749   Thumb Code    76  usart.o(i.usart_gpio)
    i.usart_init                             0x08005798   Section        0  usart.o(i.usart_init)
    i.version                                0x080057d6   Section        0  cmd.o(i.version)
    .constdata                               0x080057e0   Section       20  components.o(.constdata)
    __FUNCTION__                             0x080057e0   Data          20  components.o(.constdata)
    .constdata                               0x080057f4   Section       22  idle.o(.constdata)
    __FUNCTION__                             0x080057f4   Data          22  idle.o(.constdata)
    .constdata                               0x0800580a   Section      313  ipc.o(.constdata)
    __FUNCTION__                             0x0800580a   Data          12  ipc.o(.constdata)
    __FUNCTION__                             0x08005816   Data          14  ipc.o(.constdata)
    __FUNCTION__                             0x08005824   Data          14  ipc.o(.constdata)
    __FUNCTION__                             0x08005832   Data          14  ipc.o(.constdata)
    __FUNCTION__                             0x08005840   Data          12  ipc.o(.constdata)
    __FUNCTION__                             0x0800584c   Data          15  ipc.o(.constdata)
    __FUNCTION__                             0x0800585b   Data          15  ipc.o(.constdata)
    __FUNCTION__                             0x0800586a   Data          14  ipc.o(.constdata)
    __FUNCTION__                             0x08005878   Data          16  ipc.o(.constdata)
    __FUNCTION__                             0x08005888   Data          16  ipc.o(.constdata)
    __FUNCTION__                             0x08005898   Data          16  ipc.o(.constdata)
    __FUNCTION__                             0x080058a8   Data          14  ipc.o(.constdata)
    __FUNCTION__                             0x080058b6   Data          17  ipc.o(.constdata)
    __FUNCTION__                             0x080058c7   Data          17  ipc.o(.constdata)
    __FUNCTION__                             0x080058d8   Data          14  ipc.o(.constdata)
    __FUNCTION__                             0x080058e6   Data          16  ipc.o(.constdata)
    __FUNCTION__                             0x080058f6   Data          16  ipc.o(.constdata)
    __FUNCTION__                             0x08005906   Data          16  ipc.o(.constdata)
    __FUNCTION__                             0x08005916   Data          14  ipc.o(.constdata)
    __FUNCTION__                             0x08005924   Data          14  ipc.o(.constdata)
    __FUNCTION__                             0x08005932   Data          17  ipc.o(.constdata)
    .constdata                               0x08005943   Section      290  kservice.o(.constdata)
    small_digits                             0x08005a43   Data          17  kservice.o(.constdata)
    large_digits                             0x08005a54   Data          17  kservice.o(.constdata)
    .constdata                               0x08005a65   Section       60  mem.o(.constdata)
    __FUNCTION__                             0x08005a65   Data          11  mem.o(.constdata)
    __FUNCTION__                             0x08005a70   Data          20  mem.o(.constdata)
    __FUNCTION__                             0x08005a84   Data          10  mem.o(.constdata)
    __FUNCTION__                             0x08005a8e   Data          11  mem.o(.constdata)
    __FUNCTION__                             0x08005a99   Data           8  mem.o(.constdata)
    .constdata                               0x08005aa1   Section      128  object.o(.constdata)
    __FUNCTION__                             0x08005aa1   Data          15  object.o(.constdata)
    __FUNCTION__                             0x08005ab0   Data          17  object.o(.constdata)
    __FUNCTION__                             0x08005ac1   Data          19  object.o(.constdata)
    __FUNCTION__                             0x08005ad4   Data          17  object.o(.constdata)
    __FUNCTION__                             0x08005ae5   Data          26  object.o(.constdata)
    __FUNCTION__                             0x08005aff   Data          19  object.o(.constdata)
    __FUNCTION__                             0x08005b12   Data          15  object.o(.constdata)
    .constdata                               0x08005b21   Section       52  scheduler.o(.constdata)
    __FUNCTION__                             0x08005b21   Data          26  scheduler.o(.constdata)
    __FUNCTION__                             0x08005b3b   Data          26  scheduler.o(.constdata)
    .constdata                               0x08005b55   Section      185  thread.o(.constdata)
    __FUNCTION__                             0x08005b55   Data          16  thread.o(.constdata)
    __FUNCTION__                             0x08005b65   Data          15  thread.o(.constdata)
    __FUNCTION__                             0x08005b74   Data          18  thread.o(.constdata)
    __FUNCTION__                             0x08005b86   Data          17  thread.o(.constdata)
    __FUNCTION__                             0x08005b97   Data          17  thread.o(.constdata)
    __FUNCTION__                             0x08005ba8   Data          16  thread.o(.constdata)
    __FUNCTION__                             0x08005bb8   Data          18  thread.o(.constdata)
    __FUNCTION__                             0x08005bca   Data          18  thread.o(.constdata)
    __FUNCTION__                             0x08005bdc   Data          17  thread.o(.constdata)
    __FUNCTION__                             0x08005bed   Data          18  thread.o(.constdata)
    __FUNCTION__                             0x08005bff   Data          15  thread.o(.constdata)
    .constdata                               0x08005c0e   Section       92  timer.o(.constdata)
    __FUNCTION__                             0x08005c0e   Data          14  timer.o(.constdata)
    __FUNCTION__                             0x08005c1c   Data          16  timer.o(.constdata)
    __FUNCTION__                             0x08005c2c   Data          16  timer.o(.constdata)
    __FUNCTION__                             0x08005c3c   Data          15  timer.o(.constdata)
    __FUNCTION__                             0x08005c4b   Data          14  timer.o(.constdata)
    __FUNCTION__                             0x08005c59   Data          17  timer.o(.constdata)
    .constdata                               0x08005c6a   Section       14  msh.o(.constdata)
    __FUNCTION__                             0x08005c6a   Data          14  msh.o(.constdata)
    .constdata                               0x08005c78   Section       74  shell.o(.constdata)
    __FUNCTION__                             0x08005c78   Data          22  shell.o(.constdata)
    __FUNCTION__                             0x08005c8e   Data          22  shell.o(.constdata)
    __FUNCTION__                             0x08005ca4   Data          15  shell.o(.constdata)
    __FUNCTION__                             0x08005cb3   Data          15  shell.o(.constdata)
    .conststring                             0x08005cc4   Section       69  ipc.o(.conststring)
    .conststring                             0x08005d0c   Section      237  mem.o(.conststring)
    .conststring                             0x08005dfc   Section       66  thread.o(.conststring)
    .conststring                             0x08005e40   Section       68  cmd.o(.conststring)
    .rodata.name                             0x08005e84   Section       39  mem.o(.rodata.name)
    .rodata.name                             0x08005eab   Section      483  cmd.o(.rodata.name)
    .rodata.name                             0x0800608e   Section      118  msh.o(.rodata.name)
    .rodata.name                             0x08006104   Section       62  user_cmd.o(.rodata.name)
    .rti_fn.0                                0x08006144   Section        4  components.o(.rti_fn.0)
    __tagsym$$used                           0x08006144   Number         0  components.o(.rti_fn.0)
    .rti_fn.0.end                            0x08006148   Section        4  components.o(.rti_fn.0.end)
    __tagsym$$used                           0x08006148   Number         0  components.o(.rti_fn.0.end)
    .rti_fn.1.end                            0x0800614c   Section        4  components.o(.rti_fn.1.end)
    __tagsym$$used                           0x0800614c   Number         0  components.o(.rti_fn.1.end)
    .rti_fn.6                                0x08006150   Section        4  shell.o(.rti_fn.6)
    __tagsym$$used                           0x08006150   Number         0  shell.o(.rti_fn.6)
    .rti_fn.6.end                            0x08006154   Section        4  components.o(.rti_fn.6.end)
    __tagsym$$used                           0x08006154   Number         0  components.o(.rti_fn.6.end)
    FSymTab                                  0x08006158   Section       12  mem.o(FSymTab)
    __tagsym$$used                           0x08006158   Number         0  mem.o(FSymTab)
    FSymTab                                  0x08006164   Section      168  cmd.o(FSymTab)
    __tagsym$$used                           0x08006164   Number         0  cmd.o(FSymTab)
    __tagsym$$used                           0x08006170   Number         0  cmd.o(FSymTab)
    __tagsym$$used                           0x0800617c   Number         0  cmd.o(FSymTab)
    __tagsym$$used                           0x08006188   Number         0  cmd.o(FSymTab)
    __tagsym$$used                           0x08006194   Number         0  cmd.o(FSymTab)
    __tagsym$$used                           0x080061a0   Number         0  cmd.o(FSymTab)
    __tagsym$$used                           0x080061ac   Number         0  cmd.o(FSymTab)
    __tagsym$$used                           0x080061b8   Number         0  cmd.o(FSymTab)
    __tagsym$$used                           0x080061c4   Number         0  cmd.o(FSymTab)
    __tagsym$$used                           0x080061d0   Number         0  cmd.o(FSymTab)
    __tagsym$$used                           0x080061dc   Number         0  cmd.o(FSymTab)
    __tagsym$$used                           0x080061e8   Number         0  cmd.o(FSymTab)
    __tagsym$$used                           0x080061f4   Number         0  cmd.o(FSymTab)
    __tagsym$$used                           0x08006200   Number         0  cmd.o(FSymTab)
    FSymTab                                  0x0800620c   Section       36  msh.o(FSymTab)
    __tagsym$$used                           0x0800620c   Number         0  msh.o(FSymTab)
    __tagsym$$used                           0x08006218   Number         0  msh.o(FSymTab)
    __tagsym$$used                           0x08006224   Number         0  msh.o(FSymTab)
    FSymTab                                  0x08006230   Section       24  user_cmd.o(FSymTab)
    __tagsym$$used                           0x08006230   Number         0  user_cmd.o(FSymTab)
    __tagsym$$used                           0x0800623c   Number         0  user_cmd.o(FSymTab)
    .data                                    0x20000000   Section       20  system_stm32f10x.o(.data)
    .data                                    0x20000014   Section       20  stm32f10x_rcc.o(.data)
    APBAHBPrescTable                         0x20000014   Data          16  stm32f10x_rcc.o(.data)
    ADCPrescTable                            0x20000024   Data           4  stm32f10x_rcc.o(.data)
    .data                                    0x20000028   Section        2  ft6236.o(.data)
    .data                                    0x2000002a   Section        6  iic_conf.o(.data)
    i2cg_s                                   0x2000002a   Data           4  iic_conf.o(.data)
    i2c_clk_m                                0x2000002e   Data           2  iic_conf.o(.data)
    .data                                    0x20000030   Section        4  clock.o(.data)
    rt_tick                                  0x20000030   Data           4  clock.o(.data)
    .data                                    0x20000034   Section        9  irq.o(.data)
    rt_interrupt_enter_hook                  0x20000034   Data           4  irq.o(.data)
    rt_interrupt_leave_hook                  0x20000038   Data           4  irq.o(.data)
    .data                                    0x20000040   Section        8  kservice.o(.data)
    __rt_errno                               0x20000040   Data           4  kservice.o(.data)
    .data                                    0x20000048   Section       32  mem.o(.data)
    rt_malloc_hook                           0x20000048   Data           4  mem.o(.data)
    rt_free_hook                             0x2000004c   Data           4  mem.o(.data)
    heap_ptr                                 0x20000050   Data           4  mem.o(.data)
    heap_end                                 0x20000054   Data           4  mem.o(.data)
    lfree                                    0x20000058   Data           4  mem.o(.data)
    mem_size_aligned                         0x2000005c   Data           4  mem.o(.data)
    used_mem                                 0x20000060   Data           4  mem.o(.data)
    max_mem                                  0x20000064   Data           4  mem.o(.data)
    .data                                    0x20000068   Section      100  object.o(.data)
    rt_object_container                      0x20000068   Data          80  object.o(.data)
    rt_object_attach_hook                    0x200000b8   Data           4  object.o(.data)
    rt_object_detach_hook                    0x200000bc   Data           4  object.o(.data)
    .data                                    0x200000cc   Section       28  scheduler.o(.data)
    rt_scheduler_lock_nest                   0x200000cc   Data           2  scheduler.o(.data)
    rt_scheduler_hook                        0x200000e4   Data           4  scheduler.o(.data)
    .data                                    0x200000e8   Section       12  thread.o(.data)
    rt_thread_suspend_hook                   0x200000e8   Data           4  thread.o(.data)
    rt_thread_resume_hook                    0x200000ec   Data           4  thread.o(.data)
    rt_thread_inited_hook                    0x200000f0   Data           4  thread.o(.data)
    .data                                    0x200000f4   Section       20  timer.o(.data)
    rt_timer_list                            0x200000f4   Data           8  timer.o(.data)
    rt_timer_enter_hook                      0x200000fc   Data           4  timer.o(.data)
    rt_timer_exit_hook                       0x20000100   Data           4  timer.o(.data)
    random_nr                                0x20000104   Data           4  timer.o(.data)
    .data                                    0x20000108   Section       16  cpuport.o(.data)
    rt_exception_hook                        0x20000114   Data           4  cpuport.o(.data)
    .data                                    0x20000118   Section       24  shell.o(.data)
    finsh_prompt_custom                      0x2000012c   Data           4  shell.o(.data)
    .data                                    0x20000130   Section        4  stdout.o(.data)
    .bss                                     0x20000134   Section       12  ft6236.o(.bss)
    touch_point                              0x20000134   Data          12  ft6236.o(.bss)
    .bss                                     0x20000140   Section       16  iic_conf.o(.bss)
    i2c_s                                    0x20000140   Data          16  iic_conf.o(.bss)
    .bss                                     0x20000150   Section      416  idle.o(.bss)
    idle                                     0x20000150   Data         144  idle.o(.bss)
    rt_thread_stack                          0x200001e0   Data         256  idle.o(.bss)
    idle_hook_list                           0x200002e0   Data          16  idle.o(.bss)
    .bss                                     0x200002f0   Section      128  kservice.o(.bss)
    rt_log_buf                               0x200002f0   Data         128  kservice.o(.bss)
    .bss                                     0x20000370   Section       40  mem.o(.bss)
    heap_sem                                 0x20000370   Data          40  mem.o(.bss)
    .bss                                     0x20000398   Section      256  scheduler.o(.bss)
    .bss                                     0x20000498   Section    10240  board.o(.bss)
    rt_heap                                  0x20000498   Data       10240  board.o(.bss)
    .bss                                     0x20002c98   Section      129  shell.o(.bss)
    finsh_prompt                             0x20002c98   Data         129  shell.o(.bss)
    STACK                                    0x20002d20   Section     1024  startup_stm32f10x_md.o(STACK)

    Global Symbols

    Symbol Name                              Value     Ov Type        Size  Object(Section)

    BuildAttributes$$THM_ISAv4$P$D$K$B$S$PE$A:L22UL41UL21$X:L11$S22US41US21$IEEE1$IW$USESV6$~STKCKD$USESV7$~SHL$OSPACE$ROPI$EBA8$MICROLIB$REQ8$PRES8$EABIv2 0x00000000   Number         0  anon$$obj.o ABSOLUTE
    __ARM_use_no_argv                        0x00000000   Number         0  main.o ABSOLUTE
    _printf_a                                0x00000000   Number         0  stubs.o ABSOLUTE
    _printf_c                                0x00000000   Number         0  stubs.o ABSOLUTE
    _printf_charcount                        0x00000000   Number         0  stubs.o ABSOLUTE
    _printf_d                                0x00000000   Number         0  stubs.o ABSOLUTE
    _printf_e                                0x00000000   Number         0  stubs.o ABSOLUTE
    _printf_f                                0x00000000   Number         0  stubs.o ABSOLUTE
    _printf_flags                            0x00000000   Number         0  stubs.o ABSOLUTE
    _printf_fp_dec                           0x00000000   Number         0  stubs.o ABSOLUTE
    _printf_fp_hex                           0x00000000   Number         0  stubs.o ABSOLUTE
    _printf_g                                0x00000000   Number         0  stubs.o ABSOLUTE
    _printf_i                                0x00000000   Number         0  stubs.o ABSOLUTE
    _printf_int_dec                          0x00000000   Number         0  stubs.o ABSOLUTE
    _printf_l                                0x00000000   Number         0  stubs.o ABSOLUTE
    _printf_lc                               0x00000000   Number         0  stubs.o ABSOLUTE
    _printf_ll                               0x00000000   Number         0  stubs.o ABSOLUTE
    _printf_lld                              0x00000000   Number         0  stubs.o ABSOLUTE
    _printf_lli                              0x00000000   Number         0  stubs.o ABSOLUTE
    _printf_llo                              0x00000000   Number         0  stubs.o ABSOLUTE
    _printf_llu                              0x00000000   Number         0  stubs.o ABSOLUTE
    _printf_llx                              0x00000000   Number         0  stubs.o ABSOLUTE
    _printf_longlong_dec                     0x00000000   Number         0  stubs.o ABSOLUTE
    _printf_longlong_hex                     0x00000000   Number         0  stubs.o ABSOLUTE
    _printf_longlong_oct                     0x00000000   Number         0  stubs.o ABSOLUTE
    _printf_ls                               0x00000000   Number         0  stubs.o ABSOLUTE
    _printf_mbtowc                           0x00000000   Number         0  stubs.o ABSOLUTE
    _printf_n                                0x00000000   Number         0  stubs.o ABSOLUTE
    _printf_o                                0x00000000   Number         0  stubs.o ABSOLUTE
    _printf_p                                0x00000000   Number         0  stubs.o ABSOLUTE
    _printf_percent                          0x00000000   Number         0  stubs.o ABSOLUTE
    _printf_pre_padding                      0x00000000   Number         0  stubs.o ABSOLUTE
    _printf_return_value                     0x00000000   Number         0  stubs.o ABSOLUTE
    _printf_s                                0x00000000   Number         0  stubs.o ABSOLUTE
    _printf_sizespec                         0x00000000   Number         0  stubs.o ABSOLUTE
    _printf_str                              0x00000000   Number         0  stubs.o ABSOLUTE
    _printf_truncate_signed                  0x00000000   Number         0  stubs.o ABSOLUTE
    _printf_truncate_unsigned                0x00000000   Number         0  stubs.o ABSOLUTE
    _printf_u                                0x00000000   Number         0  stubs.o ABSOLUTE
    _printf_wc                               0x00000000   Number         0  stubs.o ABSOLUTE
    _printf_wctomb                           0x00000000   Number         0  stubs.o ABSOLUTE
    _printf_widthprec                        0x00000000   Number         0  stubs.o ABSOLUTE
    _printf_x                                0x00000000   Number         0  stubs.o ABSOLUTE
    __cpp_initialize__aeabi_                  - Undefined Weak Reference
    __cxa_finalize                            - Undefined Weak Reference
    _clock_init                               - Undefined Weak Reference
    _microlib_exit                            - Undefined Weak Reference
    __Vectors_Size                           0x000000ec   Number         0  startup_stm32f10x_md.o ABSOLUTE
    __Vectors                                0x08000000   Data           4  startup_stm32f10x_md.o(RESET)
    __Vectors_End                            0x080000ec   Data           0  startup_stm32f10x_md.o(RESET)
    __main                                   0x080000ed   Thumb Code     0  entry.o(.ARM.Collect$$$$00000000)
    _main_stk                                0x080000ed   Thumb Code     0  entry2.o(.ARM.Collect$$$$00000001)
    _main_scatterload                        0x080000f1   Thumb Code     0  entry5.o(.ARM.Collect$$$$00000004)
    __main_after_scatterload                 0x080000f5   Thumb Code     0  entry5.o(.ARM.Collect$$$$00000004)
    _main_clock                              0x080000f5   Thumb Code     0  entry7b.o(.ARM.Collect$$$$00000008)
    _main_cpp_init                           0x080000f5   Thumb Code     0  entry8b.o(.ARM.Collect$$$$0000000A)
    _main_init                               0x080000f5   Thumb Code     0  entry9a.o(.ARM.Collect$$$$0000000B)
    __rt_final_cpp                           0x080000fd   Thumb Code     0  entry10a.o(.ARM.Collect$$$$0000000D)
    __rt_final_exit                          0x080000fd   Thumb Code     0  entry11a.o(.ARM.Collect$$$$0000000F)
    Reset_Handler                            0x08000101   Thumb Code     8  startup_stm32f10x_md.o(.text)
    ADC1_2_IRQHandler                        0x0800011b   Thumb Code     0  startup_stm32f10x_md.o(.text)
    CAN1_RX1_IRQHandler                      0x0800011b   Thumb Code     0  startup_stm32f10x_md.o(.text)
    CAN1_SCE_IRQHandler                      0x0800011b   Thumb Code     0  startup_stm32f10x_md.o(.text)
    DMA1_Channel1_IRQHandler                 0x0800011b   Thumb Code     0  startup_stm32f10x_md.o(.text)
    DMA1_Channel2_IRQHandler                 0x0800011b   Thumb Code     0  startup_stm32f10x_md.o(.text)
    DMA1_Channel3_IRQHandler                 0x0800011b   Thumb Code     0  startup_stm32f10x_md.o(.text)
    DMA1_Channel4_IRQHandler                 0x0800011b   Thumb Code     0  startup_stm32f10x_md.o(.text)
    DMA1_Channel5_IRQHandler                 0x0800011b   Thumb Code     0  startup_stm32f10x_md.o(.text)
    DMA1_Channel6_IRQHandler                 0x0800011b   Thumb Code     0  startup_stm32f10x_md.o(.text)
    DMA1_Channel7_IRQHandler                 0x0800011b   Thumb Code     0  startup_stm32f10x_md.o(.text)
    EXTI0_IRQHandler                         0x0800011b   Thumb Code     0  startup_stm32f10x_md.o(.text)
    EXTI15_10_IRQHandler                     0x0800011b   Thumb Code     0  startup_stm32f10x_md.o(.text)
    EXTI1_IRQHandler                         0x0800011b   Thumb Code     0  startup_stm32f10x_md.o(.text)
    EXTI2_IRQHandler                         0x0800011b   Thumb Code     0  startup_stm32f10x_md.o(.text)
    EXTI3_IRQHandler                         0x0800011b   Thumb Code     0  startup_stm32f10x_md.o(.text)
    EXTI4_IRQHandler                         0x0800011b   Thumb Code     0  startup_stm32f10x_md.o(.text)
    EXTI9_5_IRQHandler                       0x0800011b   Thumb Code     0  startup_stm32f10x_md.o(.text)
    FLASH_IRQHandler                         0x0800011b   Thumb Code     0  startup_stm32f10x_md.o(.text)
    I2C1_ER_IRQHandler                       0x0800011b   Thumb Code     0  startup_stm32f10x_md.o(.text)
    I2C1_EV_IRQHandler                       0x0800011b   Thumb Code     0  startup_stm32f10x_md.o(.text)
    I2C2_ER_IRQHandler                       0x0800011b   Thumb Code     0  startup_stm32f10x_md.o(.text)
    I2C2_EV_IRQHandler                       0x0800011b   Thumb Code     0  startup_stm32f10x_md.o(.text)
    PVD_IRQHandler                           0x0800011b   Thumb Code     0  startup_stm32f10x_md.o(.text)
    RCC_IRQHandler                           0x0800011b   Thumb Code     0  startup_stm32f10x_md.o(.text)
    RTCAlarm_IRQHandler                      0x0800011b   Thumb Code     0  startup_stm32f10x_md.o(.text)
    RTC_IRQHandler                           0x0800011b   Thumb Code     0  startup_stm32f10x_md.o(.text)
    SPI1_IRQHandler                          0x0800011b   Thumb Code     0  startup_stm32f10x_md.o(.text)
    SPI2_IRQHandler                          0x0800011b   Thumb Code     0  startup_stm32f10x_md.o(.text)
    TAMPER_IRQHandler                        0x0800011b   Thumb Code     0  startup_stm32f10x_md.o(.text)
    TIM1_BRK_IRQHandler                      0x0800011b   Thumb Code     0  startup_stm32f10x_md.o(.text)
    TIM1_CC_IRQHandler                       0x0800011b   Thumb Code     0  startup_stm32f10x_md.o(.text)
    TIM1_TRG_COM_IRQHandler                  0x0800011b   Thumb Code     0  startup_stm32f10x_md.o(.text)
    TIM1_UP_IRQHandler                       0x0800011b   Thumb Code     0  startup_stm32f10x_md.o(.text)
    TIM2_IRQHandler                          0x0800011b   Thumb Code     0  startup_stm32f10x_md.o(.text)
    TIM3_IRQHandler                          0x0800011b   Thumb Code     0  startup_stm32f10x_md.o(.text)
    TIM4_IRQHandler                          0x0800011b   Thumb Code     0  startup_stm32f10x_md.o(.text)
    USART2_IRQHandler                        0x0800011b   Thumb Code     0  startup_stm32f10x_md.o(.text)
    USART3_IRQHandler                        0x0800011b   Thumb Code     0  startup_stm32f10x_md.o(.text)
    USBWakeUp_IRQHandler                     0x0800011b   Thumb Code     0  startup_stm32f10x_md.o(.text)
    USB_HP_CAN1_TX_IRQHandler                0x0800011b   Thumb Code     0  startup_stm32f10x_md.o(.text)
    USB_LP_CAN1_RX0_IRQHandler               0x0800011b   Thumb Code     0  startup_stm32f10x_md.o(.text)
    WWDG_IRQHandler                          0x0800011b   Thumb Code     0  startup_stm32f10x_md.o(.text)
    rt_hw_interrupt_disable                  0x08000125   Thumb Code     8  context_rvds.o(.text)
    rt_hw_interrupt_enable                   0x0800012d   Thumb Code     6  context_rvds.o(.text)
    rt_hw_context_switch                     0x08000133   Thumb Code    32  context_rvds.o(.text)
    rt_hw_context_switch_interrupt           0x08000133   Thumb Code     0  context_rvds.o(.text)
    PendSV_Handler                           0x08000153   Thumb Code    60  context_rvds.o(.text)
    rt_hw_context_switch_to                  0x0800018f   Thumb Code    58  context_rvds.o(.text)
    rt_hw_interrupt_thread_switch            0x080001c9   Thumb Code     2  context_rvds.o(.text)
    HardFault_Handler                        0x080001cb   Thumb Code    52  context_rvds.o(.text)
    __aeabi_memcpy                           0x08000219   Thumb Code    36  memcpya.o(.text)
    __aeabi_memcpy4                          0x08000219   Thumb Code     0  memcpya.o(.text)
    __aeabi_memcpy8                          0x08000219   Thumb Code     0  memcpya.o(.text)
    __aeabi_memset                           0x0800023d   Thumb Code    14  memseta.o(.text)
    __aeabi_memset4                          0x0800023d   Thumb Code     0  memseta.o(.text)
    __aeabi_memset8                          0x0800023d   Thumb Code     0  memseta.o(.text)
    __aeabi_memclr                           0x0800024b   Thumb Code     4  memseta.o(.text)
    __aeabi_memclr4                          0x0800024b   Thumb Code     0  memseta.o(.text)
    __aeabi_memclr8                          0x0800024b   Thumb Code     0  memseta.o(.text)
    _memset$wrapper                          0x0800024f   Thumb Code    18  memseta.o(.text)
    strcat                                   0x08000261   Thumb Code    24  strcat.o(.text)
    strncpy                                  0x08000279   Thumb Code    24  strncpy.o(.text)
    strlen                                   0x08000291   Thumb Code    14  strlen.o(.text)
    memcmp                                   0x0800029f   Thumb Code    26  memcmp.o(.text)
    strcpy                                   0x080002b9   Thumb Code    18  strcpy.o(.text)
    strncmp                                  0x080002cb   Thumb Code    30  strncmp.o(.text)
    __aeabi_uldivmod                         0x080002e9   Thumb Code    98  uldiv.o(.text)
    __scatterload                            0x0800034d   Thumb Code    28  init.o(.text)
    __scatterload_rt2                        0x0800034d   Thumb Code     0  init.o(.text)
    __aeabi_llsl                             0x08000371   Thumb Code    30  llshl.o(.text)
    _ll_shift_l                              0x08000371   Thumb Code     0  llshl.o(.text)
    __aeabi_llsr                             0x0800038f   Thumb Code    32  llushr.o(.text)
    _ll_ushift_r                             0x0800038f   Thumb Code     0  llushr.o(.text)
    __decompress                             0x080003af   Thumb Code     0  __dczerorl2.o(.text)
    __decompress1                            0x080003af   Thumb Code    86  __dczerorl2.o(.text)
    main                                     0x08000405   Thumb Code    10  components.o(i.$Sub$$main)
    BusFault_Handler                         0x0800040f   Thumb Code     4  stm32f10x_it.o(i.BusFault_Handler)
    DebugMon_Handler                         0x08000413   Thumb Code     2  stm32f10x_it.o(i.DebugMon_Handler)
    GPIO_Init                                0x08000415   Thumb Code   278  stm32f10x_gpio.o(i.GPIO_Init)
    I2C_AcknowledgeConfig                    0x0800052b   Thumb Code    24  stm32f10x_i2c.o(i.I2C_AcknowledgeConfig)
    I2C_CheckEvent                           0x08000543   Thumb Code    42  stm32f10x_i2c.o(i.I2C_CheckEvent)
    I2C_Cmd                                  0x0800056d   Thumb Code    24  stm32f10x_i2c.o(i.I2C_Cmd)
    I2C_GenerateSTART                        0x08000585   Thumb Code    24  stm32f10x_i2c.o(i.I2C_GenerateSTART)
    I2C_GenerateSTOP                         0x0800059d   Thumb Code    24  stm32f10x_i2c.o(i.I2C_GenerateSTOP)
    I2C_Init                                 0x080005b5   Thumb Code   222  stm32f10x_i2c.o(i.I2C_Init)
    I2C_Send7bitAddress                      0x080006a1   Thumb Code    18  stm32f10x_i2c.o(i.I2C_Send7bitAddress)
    MemManage_Handler                        0x080006b3   Thumb Code     4  stm32f10x_it.o(i.MemManage_Handler)
    NMI_Handler                              0x080006b7   Thumb Code     2  stm32f10x_it.o(i.NMI_Handler)
    RCC_APB1PeriphClockCmd                   0x080006b9   Thumb Code    26  stm32f10x_rcc.o(i.RCC_APB1PeriphClockCmd)
    RCC_APB2PeriphClockCmd                   0x080006d9   Thumb Code    26  stm32f10x_rcc.o(i.RCC_APB2PeriphClockCmd)
    RCC_GetClocksFreq                        0x080006f9   Thumb Code   192  stm32f10x_rcc.o(i.RCC_GetClocksFreq)
    SVC_Handler                              0x080007cd   Thumb Code     2  stm32f10x_it.o(i.SVC_Handler)
    SysTick_Handler                          0x080008b9   Thumb Code    16  board.o(i.SysTick_Handler)
    SystemCoreClockUpdate                    0x080008c9   Thumb Code   142  system_stm32f10x.o(i.SystemCoreClockUpdate)
    SystemInit                               0x0800096d   Thumb Code    78  system_stm32f10x.o(i.SystemInit)
    USART1_IRQHandler                        0x080009cd   Thumb Code    26  usart.o(i.USART1_IRQHandler)
    USART_ClearITPendingBit                  0x080009ed   Thumb Code    30  stm32f10x_usart.o(i.USART_ClearITPendingBit)
    USART_Cmd                                0x08000a0b   Thumb Code    24  stm32f10x_usart.o(i.USART_Cmd)
    USART_GetITStatus                        0x08000a23   Thumb Code    84  stm32f10x_usart.o(i.USART_GetITStatus)
    USART_Init                               0x08000a79   Thumb Code   210  stm32f10x_usart.o(i.USART_Init)
    UsageFault_Handler                       0x08000b51   Thumb Code     4  stm32f10x_it.o(i.UsageFault_Handler)
    __0printf$8                              0x08000b85   Thumb Code    22  printf8.o(i.__0printf$8)
    __1printf$8                              0x08000b85   Thumb Code     0  printf8.o(i.__0printf$8)
    __2printf                                0x08000b85   Thumb Code     0  printf8.o(i.__0printf$8)
    __rt_ffs                                 0x08000ba5   Thumb Code    70  kservice.o(i.__rt_ffs)
    __scatterload_copy                       0x08000bf1   Thumb Code    14  handlers.o(i.__scatterload_copy)
    __scatterload_null                       0x08000bff   Thumb Code     2  handlers.o(i.__scatterload_null)
    __scatterload_zeroinit                   0x08000c01   Thumb Code    14  handlers.o(i.__scatterload_zeroinit)
    cmd_free                                 0x08001371   Thumb Code    14  msh.o(i.cmd_free)
    cmd_ps                                   0x0800137f   Thumb Code    14  msh.o(i.cmd_ps)
    ctp_ft6236_get_coordinate                0x0800138d   Thumb Code   182  ft6236.o(i.ctp_ft6236_get_coordinate)
    ctp_ft6236_init                          0x08001475   Thumb Code   170  ft6236.o(i.ctp_ft6236_init)
    ctp_ft6236_read_reg                      0x08001545   Thumb Code   146  ft6236.o(i.ctp_ft6236_read_reg)
    ctp_ft6236_scan                          0x0800160d   Thumb Code    24  ft6236.o(i.ctp_ft6236_scan)
    ctp_ft6236_writ_reg                      0x08001639   Thumb Code    96  ft6236.o(i.ctp_ft6236_writ_reg)
    finsh_get_prompt                         0x0800169d   Thumb Code    84  shell.o(i.finsh_get_prompt)
    finsh_set_prompt_mode                    0x0800171d   Thumb Code    42  shell.o(i.finsh_set_prompt_mode)
    finsh_system_function_init               0x08001765   Thumb Code    10  shell.o(i.finsh_system_function_init)
    finsh_system_init                        0x08001779   Thumb Code   100  shell.o(i.finsh_system_init)
    finsh_thread_entry                       0x08001815   Thumb Code  1250  shell.o(i.finsh_thread_entry)
    fputc                                    0x08001d01   Thumb Code    26  usart.o(i.fputc)
    hello                                    0x08001d9d   Thumb Code    12  cmd.o(i.hello)
    i2c_check_event                          0x08001dbd   Thumb Code    40  iic_conf.o(i.i2c_check_event)
    i2c_conf                                 0x08001de5   Thumb Code   124  iic_conf.o(i.i2c_conf)
    i2c_generate_start                       0x08001e85   Thumb Code    48  iic_conf.o(i.i2c_generate_start)
    i2c_generate_stop                        0x08001ee1   Thumb Code    14  iic_conf.o(i.i2c_generate_stop)
    i2c_read_bytes                           0x08001ef1   Thumb Code    82  iic_conf.o(i.i2c_read_bytes)
    i2c_send_7bitAddr                        0x08001f49   Thumb Code    84  iic_conf.o(i.i2c_send_7bitAddr)
    i2c_send_bytes                           0x08001fcd   Thumb Code    80  iic_conf.o(i.i2c_send_bytes)
    list                                     0x08002021   Thumb Code    54  cmd.o(i.list)
    list_event                               0x08002089   Thumb Code   204  cmd.o(i.list_event)
    list_mem                                 0x08002281   Thumb Code    34  mem.o(i.list_mem)
    list_mutex                               0x080022f9   Thumb Code   170  cmd.o(i.list_mutex)
    list_sem                                 0x08002409   Thumb Code   216  cmd.o(i.list_sem)
    list_thread                              0x08002541   Thumb Code   294  cmd.o(i.list_thread)
    list_timer                               0x08002725   Thumb Code   190  cmd.o(i.list_timer)
    $Super$$main                             0x08002885   Thumb Code    18  main.o(i.main)
    main_thread_entry                        0x08002897   Thumb Code    14  components.o(i.main_thread_entry)
    msh_auto_complete                        0x0800298d   Thumb Code   138  msh.o(i.msh_auto_complete)
    msh_exec                                 0x08002a2d   Thumb Code    82  msh.o(i.msh_exec)
    msh_help                                 0x08002af5   Thumb Code    66  msh.o(i.msh_help)
    msh_is_used                              0x08002b75   Thumb Code     4  msh.o(i.msh_is_used)
    my_getc                                  0x08002c69   Thumb Code    24  usart.o(i.my_getc)
    my_putc                                  0x08002c85   Thumb Code    22  usart.o(i.my_putc)
    rt_application_init                      0x08002f6d   Thumb Code    46  components.o(i.rt_application_init)
    rt_assert_handler                        0x08002fbd   Thumb Code    56  kservice.o(i.rt_assert_handler)
    rt_calloc                                0x08003031   Thumb Code    34  mem.o(i.rt_calloc)
    rt_components_board_init                 0x08003055   Thumb Code    20  components.o(i.rt_components_board_init)
    rt_components_init                       0x08003071   Thumb Code    20  components.o(i.rt_components_init)
    rt_enter_critical                        0x0800308d   Thumb Code    28  scheduler.o(i.rt_enter_critical)
    rt_exit_critical                         0x080030ad   Thumb Code    60  scheduler.o(i.rt_exit_critical)
    rt_free                                  0x080030f1   Thumb Code   278  mem.o(i.rt_free)
    rt_heap_begin_get                        0x080032fd   Thumb Code     4  board.o(i.rt_heap_begin_get)
    rt_heap_end_get                          0x08003305   Thumb Code     4  board.o(i.rt_heap_end_get)
    rt_hw_board_init                         0x0800330d   Thumb Code    58  board.o(i.rt_hw_board_init)
    rt_hw_console_getchar                    0x08003351   Thumb Code     8  board.o(i.rt_hw_console_getchar)
    rt_hw_console_output                     0x08003359   Thumb Code    52  board.o(i.rt_hw_console_output)
    rt_hw_cpu_reset                          0x0800338d   Thumb Code     8  cpuport.o(i.rt_hw_cpu_reset)
    rt_hw_hard_fault_exception               0x0800339d   Thumb Code   198  cpuport.o(i.rt_hw_hard_fault_exception)
    rt_hw_stack_init                         0x080035a5   Thumb Code    70  cpuport.o(i.rt_hw_stack_init)
    rt_interrupt_enter                       0x080035f1   Thumb Code    46  irq.o(i.rt_interrupt_enter)
    rt_interrupt_get_nest                    0x08003629   Thumb Code     6  irq.o(i.rt_interrupt_get_nest)
    rt_interrupt_leave                       0x08003635   Thumb Code    46  irq.o(i.rt_interrupt_leave)
    rt_kprintf                               0x08003701   Thumb Code    44  kservice.o(i.rt_kprintf)
    rt_malloc                                0x080037dd   Thumb Code   522  mem.o(i.rt_malloc)
    rt_memmove                               0x08003a99   Thumb Code    66  kservice.o(i.rt_memmove)
    rt_memset                                0x08003adb   Thumb Code    72  kservice.o(i.rt_memset)
    rt_object_allocate                       0x08003b25   Thumb Code   158  object.o(i.rt_object_allocate)
    rt_object_delete                         0x08003c11   Thumb Code    88  object.o(i.rt_object_delete)
    rt_object_detach                         0x08003cb1   Thumb Code    62  object.o(i.rt_object_detach)
    rt_object_get_information                0x08003d0d   Thumb Code    36  object.o(i.rt_object_get_information)
    rt_object_get_type                       0x08003d35   Thumb Code    26  object.o(i.rt_object_get_type)
    rt_object_init                           0x08003d69   Thumb Code   132  object.o(i.rt_object_init)
    rt_object_is_systemobject                0x08003e1d   Thumb Code    34  object.o(i.rt_object_is_systemobject)
    rt_schedule                              0x08003e59   Thumb Code   136  scheduler.o(i.rt_schedule)
    rt_schedule_insert_thread                0x08003efd   Thumb Code    90  scheduler.o(i.rt_schedule_insert_thread)
    rt_schedule_remove_thread                0x08003f79   Thumb Code    94  scheduler.o(i.rt_schedule_remove_thread)
    rt_sem_init                              0x08003ff9   Thumb Code    66  ipc.o(i.rt_sem_init)
    rt_sem_release                           0x08004065   Thumb Code   116  ipc.o(i.rt_sem_release)
    rt_sem_take                              0x080040f5   Thumb Code   288  ipc.o(i.rt_sem_take)
    rt_show_version                          0x08004299   Thumb Code    38  kservice.o(i.rt_show_version)
    rt_strlen                                0x08004349   Thumb Code    18  kservice.o(i.rt_strlen)
    rt_strncpy                               0x0800435b   Thumb Code    52  kservice.o(i.rt_strncpy)
    rt_system_heap_init                      0x08004391   Thumb Code   204  mem.o(i.rt_system_heap_init)
    rt_system_scheduler_init                 0x080044e5   Thumb Code    56  scheduler.o(i.rt_system_scheduler_init)
    rt_system_scheduler_start                0x08004535   Thumb Code    36  scheduler.o(i.rt_system_scheduler_start)
    rt_system_timer_init                     0x08004565   Thumb Code    24  timer.o(i.rt_system_timer_init)
    rt_system_timer_thread_init              0x08004581   Thumb Code     2  timer.o(i.rt_system_timer_thread_init)
    rt_thread_create                         0x08004583   Thumb Code    80  thread.o(i.rt_thread_create)
    rt_thread_exit                           0x080045d5   Thumb Code    78  thread.o(i.rt_thread_exit)
    rt_thread_idle_excute                    0x08004655   Thumb Code   178  idle.o(i.rt_thread_idle_excute)
    rt_thread_idle_init                      0x0800473d   Thumb Code    38  idle.o(i.rt_thread_idle_init)
    rt_thread_init                           0x08004779   Thumb Code    74  thread.o(i.rt_thread_init)
    rt_thread_mdelay                         0x080047f5   Thumb Code    20  thread.o(i.rt_thread_mdelay)
    rt_thread_resume                         0x08004809   Thumb Code   122  thread.o(i.rt_thread_resume)
    rt_thread_self                           0x080048a5   Thumb Code     6  thread.o(i.rt_thread_self)
    rt_thread_sleep                          0x080048b1   Thumb Code    98  thread.o(i.rt_thread_sleep)
    rt_thread_startup                        0x08004935   Thumb Code   110  thread.o(i.rt_thread_startup)
    rt_thread_suspend                        0x080049f9   Thumb Code   130  thread.o(i.rt_thread_suspend)
    rt_thread_timeout                        0x08004a9d   Thumb Code    92  thread.o(i.rt_thread_timeout)
    rt_thread_yield                          0x08004b51   Thumb Code    92  thread.o(i.rt_thread_yield)
    rt_tick_from_millisecond                 0x08004bb5   Thumb Code    56  clock.o(i.rt_tick_from_millisecond)
    rt_tick_get                              0x08004bed   Thumb Code     6  clock.o(i.rt_tick_get)
    rt_tick_increase                         0x08004bf9   Thumb Code    42  clock.o(i.rt_tick_increase)
    rt_timer_check                           0x08004c29   Thumb Code   166  timer.o(i.rt_timer_check)
    rt_timer_control                         0x08004cdd   Thumb Code    98  timer.o(i.rt_timer_control)
    rt_timer_detach                          0x08004d95   Thumb Code    82  timer.o(i.rt_timer_detach)
    rt_timer_init                            0x08004e69   Thumb Code    58  timer.o(i.rt_timer_init)
    rt_timer_start                           0x08004ebd   Thumb Code   314  timer.o(i.rt_timer_start)
    rt_timer_stop                            0x0800507d   Thumb Code   102  timer.o(i.rt_timer_stop)
    rt_vsnprintf                             0x0800513d   Thumb Code   808  kservice.o(i.rt_vsnprintf)
    rtthread_startup                         0x0800547d   Thumb Code    42  components.o(i.rtthread_startup)
    usart_init                               0x08005799   Thumb Code    62  usart.o(i.usart_init)
    version                                  0x080057d7   Thumb Code    10  cmd.o(i.version)
    __lowest_bit_bitmap                      0x08005943   Data         256  kservice.o(.constdata)
    __fsym_list_mem_name                     0x08005e84   Data           9  mem.o(.rodata.name)
    __fsym_list_mem_desc                     0x08005e8d   Data          30  mem.o(.rodata.name)
    __fsym_hello_name                        0x08005eab   Data           6  cmd.o(.rodata.name)
    __fsym_hello_desc                        0x08005eb1   Data          16  cmd.o(.rodata.name)
    __fsym_version_name                      0x08005ec1   Data           8  cmd.o(.rodata.name)
    __fsym_version_desc                      0x08005ec9   Data          35  cmd.o(.rodata.name)
    __fsym___cmd_version_name                0x08005eec   Data          14  cmd.o(.rodata.name)
    __fsym___cmd_version_desc                0x08005efa   Data          35  cmd.o(.rodata.name)
    __fsym_list_thread_name                  0x08005f1d   Data          12  cmd.o(.rodata.name)
    __fsym_list_thread_desc                  0x08005f29   Data          12  cmd.o(.rodata.name)
    __fsym___cmd_list_thread_name            0x08005f35   Data          18  cmd.o(.rodata.name)
    __fsym___cmd_list_thread_desc            0x08005f47   Data          12  cmd.o(.rodata.name)
    __fsym_list_sem_name                     0x08005f53   Data           9  cmd.o(.rodata.name)
    __fsym_list_sem_desc                     0x08005f5c   Data          25  cmd.o(.rodata.name)
    __fsym___cmd_list_sem_name               0x08005f75   Data          15  cmd.o(.rodata.name)
    __fsym___cmd_list_sem_desc               0x08005f84   Data          25  cmd.o(.rodata.name)
    __fsym_list_event_name                   0x08005f9d   Data          11  cmd.o(.rodata.name)
    __fsym_list_event_desc                   0x08005fa8   Data          21  cmd.o(.rodata.name)
    __fsym___cmd_list_event_name             0x08005fbd   Data          17  cmd.o(.rodata.name)
    __fsym___cmd_list_event_desc             0x08005fce   Data          21  cmd.o(.rodata.name)
    __fsym_list_mutex_name                   0x08005fe3   Data          11  cmd.o(.rodata.name)
    __fsym_list_mutex_desc                   0x08005fee   Data          21  cmd.o(.rodata.name)
    __fsym___cmd_list_mutex_name             0x08006003   Data          17  cmd.o(.rodata.name)
    __fsym___cmd_list_mutex_desc             0x08006014   Data          21  cmd.o(.rodata.name)
    __fsym_list_timer_name                   0x08006029   Data          11  cmd.o(.rodata.name)
    __fsym_list_timer_desc                   0x08006034   Data          21  cmd.o(.rodata.name)
    __fsym___cmd_list_timer_name             0x08006049   Data          17  cmd.o(.rodata.name)
    __fsym___cmd_list_timer_desc             0x0800605a   Data          21  cmd.o(.rodata.name)
    __fsym_list_name                         0x0800606f   Data           5  cmd.o(.rodata.name)
    __fsym_list_desc                         0x08006074   Data          26  cmd.o(.rodata.name)
    __fsym___cmd_help_name                   0x0800608e   Data          11  msh.o(.rodata.name)
    __fsym___cmd_help_desc                   0x08006099   Data          22  msh.o(.rodata.name)
    __fsym___cmd_ps_name                     0x080060af   Data           9  msh.o(.rodata.name)
    __fsym___cmd_ps_desc                     0x080060b8   Data          28  msh.o(.rodata.name)
    __fsym___cmd_free_name                   0x080060d4   Data          11  msh.o(.rodata.name)
    __fsym___cmd_free_desc                   0x080060df   Data          37  msh.o(.rodata.name)
    __fsym___cmd_reboot_name                 0x08006104   Data          13  user_cmd.o(.rodata.name)
    __fsym___cmd_reboot_desc                 0x08006111   Data          11  user_cmd.o(.rodata.name)
    __fsym___cmd_clear_name                  0x0800611c   Data          12  user_cmd.o(.rodata.name)
    __fsym___cmd_clear_desc                  0x08006128   Data          26  user_cmd.o(.rodata.name)
    __rt_init_rti_start                      0x08006144   Data           4  components.o(.rti_fn.0)
    __rt_init_rti_board_start                0x08006148   Data           4  components.o(.rti_fn.0.end)
    __rt_init_rti_board_end                  0x0800614c   Data           4  components.o(.rti_fn.1.end)
    __rt_init_finsh_system_init              0x08006150   Data           4  shell.o(.rti_fn.6)
    __rt_init_rti_end                        0x08006154   Data           4  components.o(.rti_fn.6.end)
    FSymTab$$Base                            0x08006158   Number         0  mem.o(FSymTab)
    __fsym_list_mem                          0x08006158   Data          12  mem.o(FSymTab)
    __fsym_hello                             0x08006164   Data          12  cmd.o(FSymTab)
    __fsym_version                           0x08006170   Data          12  cmd.o(FSymTab)
    __fsym___cmd_version                     0x0800617c   Data          12  cmd.o(FSymTab)
    __fsym_list_thread                       0x08006188   Data          12  cmd.o(FSymTab)
    __fsym___cmd_list_thread                 0x08006194   Data          12  cmd.o(FSymTab)
    __fsym_list_sem                          0x080061a0   Data          12  cmd.o(FSymTab)
    __fsym___cmd_list_sem                    0x080061ac   Data          12  cmd.o(FSymTab)
    __fsym_list_event                        0x080061b8   Data          12  cmd.o(FSymTab)
    __fsym___cmd_list_event                  0x080061c4   Data          12  cmd.o(FSymTab)
    __fsym_list_mutex                        0x080061d0   Data          12  cmd.o(FSymTab)
    __fsym___cmd_list_mutex                  0x080061dc   Data          12  cmd.o(FSymTab)
    __fsym_list_timer                        0x080061e8   Data          12  cmd.o(FSymTab)
    __fsym___cmd_list_timer                  0x080061f4   Data          12  cmd.o(FSymTab)
    __fsym_list                              0x08006200   Data          12  cmd.o(FSymTab)
    __fsym___cmd_help                        0x0800620c   Data          12  msh.o(FSymTab)
    __fsym___cmd_ps                          0x08006218   Data          12  msh.o(FSymTab)
    __fsym___cmd_free                        0x08006224   Data          12  msh.o(FSymTab)
    __fsym___cmd_reboot                      0x08006230   Data          12  user_cmd.o(FSymTab)
    __fsym___cmd_clear                       0x0800623c   Data          12  user_cmd.o(FSymTab)
    FSymTab$$Limit                           0x08006248   Number         0  user_cmd.o(FSymTab)
    Region$$Table$$Base                      0x08006248   Number         0  anon$$obj.o(Region$$Table)
    Region$$Table$$Limit                     0x08006268   Number         0  anon$$obj.o(Region$$Table)
    SystemCoreClock                          0x20000000   Data           4  system_stm32f10x.o(.data)
    AHBPrescTable                            0x20000004   Data          16  system_stm32f10x.o(.data)
    ft6236_init_flag                         0x20000028   Data           1  ft6236.o(.data)
    ft6236_error_times                       0x20000029   Data           1  ft6236.o(.data)
    rt_interrupt_nest                        0x2000003c   Data           1  irq.o(.data)
    rt_assert_hook                           0x20000044   Data           4  kservice.o(.data)
    rt_object_trytake_hook                   0x200000c0   Data           4  object.o(.data)
    rt_object_take_hook                      0x200000c4   Data           4  object.o(.data)
    rt_object_put_hook                       0x200000c8   Data           4  object.o(.data)
    rt_current_thread                        0x200000d0   Data           4  scheduler.o(.data)
    rt_current_priority                      0x200000d4   Data           1  scheduler.o(.data)
    rt_thread_ready_priority_group           0x200000d8   Data           4  scheduler.o(.data)
    rt_thread_defunct                        0x200000dc   Data           8  scheduler.o(.data)
    rt_interrupt_from_thread                 0x20000108   Data           4  cpuport.o(.data)
    rt_interrupt_to_thread                   0x2000010c   Data           4  cpuport.o(.data)
    rt_thread_switch_interrupt_flag          0x20000110   Data           4  cpuport.o(.data)
    _syscall_table_begin                     0x20000118   Data           4  shell.o(.data)
    _syscall_table_end                       0x2000011c   Data           4  shell.o(.data)
    _sysvar_table_begin                      0x20000120   Data           4  shell.o(.data)
    _sysvar_table_end                        0x20000124   Data           4  shell.o(.data)
    shell                                    0x20000128   Data           4  shell.o(.data)
    __stdout                                 0x20000130   Data           4  stdout.o(.data)
    rt_thread_priority_table                 0x20000398   Data         256  scheduler.o(.bss)
    __initial_sp                             0x20003120   Data           0  startup_stm32f10x_md.o(STACK)



==============================================================================

Memory Map of the image

  Image Entry point : 0x080000ed

  Load Region LR_IROM1 (Base: 0x08000000, Size: 0x0000639c, Max: 0x00010000, ABSOLUTE, COMPRESSED[0x000062b4])

    Execution Region ER_IROM1 (Exec base: 0x08000000, Load base: 0x08000000, Size: 0x00006268, Max: 0x00010000, ABSOLUTE)

    Exec Addr    Load Addr    Size         Type   Attr      Idx    E Section Name        Object

    0x08000000   0x08000000   0x000000ec   Data   RO          181    RESET               startup_stm32f10x_md.o
    0x080000ec   0x080000ec   0x00000000   Code   RO         4911  * .ARM.Collect$$$$00000000  mc_w.l(entry.o)
    0x080000ec   0x080000ec   0x00000004   Code   RO         5193    .ARM.Collect$$$$00000001  mc_w.l(entry2.o)
    0x080000f0   0x080000f0   0x00000004   Code   RO         5196    .ARM.Collect$$$$00000004  mc_w.l(entry5.o)
    0x080000f4   0x080000f4   0x00000000   Code   RO         5198    .ARM.Collect$$$$00000008  mc_w.l(entry7b.o)
    0x080000f4   0x080000f4   0x00000000   Code   RO         5200    .ARM.Collect$$$$0000000A  mc_w.l(entry8b.o)
    0x080000f4   0x080000f4   0x00000008   Code   RO         5201    .ARM.Collect$$$$0000000B  mc_w.l(entry9a.o)
    0x080000fc   0x080000fc   0x00000000   Code   RO         5203    .ARM.Collect$$$$0000000D  mc_w.l(entry10a.o)
    0x080000fc   0x080000fc   0x00000000   Code   RO         5205    .ARM.Collect$$$$0000000F  mc_w.l(entry11a.o)
    0x080000fc   0x080000fc   0x00000004   Code   RO         5194    .ARM.Collect$$$$00002712  mc_w.l(entry2.o)
    0x08000100   0x08000100   0x00000024   Code   RO          182    .text               startup_stm32f10x_md.o
    0x08000124   0x08000124   0x000000f4   Code   RO         4555    .text               context_rvds.o
    0x08000218   0x08000218   0x00000024   Code   RO         4914    .text               mc_w.l(memcpya.o)
    0x0800023c   0x0800023c   0x00000024   Code   RO         4916    .text               mc_w.l(memseta.o)
    0x08000260   0x08000260   0x00000018   Code   RO         4918    .text               mc_w.l(strcat.o)
    0x08000278   0x08000278   0x00000018   Code   RO         4920    .text               mc_w.l(strncpy.o)
    0x08000290   0x08000290   0x0000000e   Code   RO         4922    .text               mc_w.l(strlen.o)
    0x0800029e   0x0800029e   0x0000001a   Code   RO         4924    .text               mc_w.l(memcmp.o)
    0x080002b8   0x080002b8   0x00000012   Code   RO         4926    .text               mc_w.l(strcpy.o)
    0x080002ca   0x080002ca   0x0000001e   Code   RO         4928    .text               mc_w.l(strncmp.o)
    0x080002e8   0x080002e8   0x00000062   Code   RO         5210    .text               mc_w.l(uldiv.o)
    0x0800034a   0x0800034a   0x00000002   PAD
    0x0800034c   0x0800034c   0x00000024   Code   RO         5223    .text               mc_w.l(init.o)
    0x08000370   0x08000370   0x0000001e   Code   RO         5225    .text               mc_w.l(llshl.o)
    0x0800038e   0x0800038e   0x00000020   Code   RO         5227    .text               mc_w.l(llushr.o)
    0x080003ae   0x080003ae   0x00000056   Code   RO         5241    .text               mc_w.l(__dczerorl2.o)
    0x08000404   0x08000404   0x0000000a   Code   RO         3421    i.$Sub$$main        components.o
    0x0800040e   0x0800040e   0x00000004   Code   RO           17    i.BusFault_Handler  stm32f10x_it.o
    0x08000412   0x08000412   0x00000002   Code   RO           18    i.DebugMon_Handler  stm32f10x_it.o
    0x08000414   0x08000414   0x00000116   Code   RO         1337    i.GPIO_Init         stm32f10x_gpio.o
    0x0800052a   0x0800052a   0x00000018   Code   RO         1446    i.I2C_AcknowledgeConfig  stm32f10x_i2c.o
    0x08000542   0x08000542   0x0000002a   Code   RO         1448    i.I2C_CheckEvent    stm32f10x_i2c.o
    0x0800056c   0x0800056c   0x00000018   Code   RO         1451    i.I2C_Cmd           stm32f10x_i2c.o
    0x08000584   0x08000584   0x00000018   Code   RO         1458    i.I2C_GenerateSTART  stm32f10x_i2c.o
    0x0800059c   0x0800059c   0x00000018   Code   RO         1459    i.I2C_GenerateSTOP  stm32f10x_i2c.o
    0x080005b4   0x080005b4   0x000000ec   Code   RO         1465    i.I2C_Init          stm32f10x_i2c.o
    0x080006a0   0x080006a0   0x00000012   Code   RO         1472    i.I2C_Send7bitAddress  stm32f10x_i2c.o
    0x080006b2   0x080006b2   0x00000004   Code   RO           19    i.MemManage_Handler  stm32f10x_it.o
    0x080006b6   0x080006b6   0x00000002   Code   RO           20    i.NMI_Handler       stm32f10x_it.o
    0x080006b8   0x080006b8   0x00000020   Code   RO         1753    i.RCC_APB1PeriphClockCmd  stm32f10x_rcc.o
    0x080006d8   0x080006d8   0x00000020   Code   RO         1755    i.RCC_APB2PeriphClockCmd  stm32f10x_rcc.o
    0x080006f8   0x080006f8   0x000000d4   Code   RO         1763    i.RCC_GetClocksFreq  stm32f10x_rcc.o
    0x080007cc   0x080007cc   0x00000002   Code   RO           21    i.SVC_Handler       stm32f10x_it.o
    0x080007ce   0x080007ce   0x00000008   Code   RO          145    i.SetSysClock       system_stm32f10x.o
    0x080007d6   0x080007d6   0x00000002   PAD
    0x080007d8   0x080007d8   0x000000e0   Code   RO          146    i.SetSysClockTo72   system_stm32f10x.o
    0x080008b8   0x080008b8   0x00000010   Code   RO         4506    i.SysTick_Handler   board.o
    0x080008c8   0x080008c8   0x000000a4   Code   RO          147    i.SystemCoreClockUpdate  system_stm32f10x.o
    0x0800096c   0x0800096c   0x00000060   Code   RO          148    i.SystemInit        system_stm32f10x.o
    0x080009cc   0x080009cc   0x00000020   Code   RO         3207    i.USART1_IRQHandler  usart.o
    0x080009ec   0x080009ec   0x0000001e   Code   RO         2920    i.USART_ClearITPendingBit  stm32f10x_usart.o
    0x08000a0a   0x08000a0a   0x00000018   Code   RO         2923    i.USART_Cmd         stm32f10x_usart.o
    0x08000a22   0x08000a22   0x00000054   Code   RO         2927    i.USART_GetITStatus  stm32f10x_usart.o
    0x08000a76   0x08000a76   0x00000002   PAD
    0x08000a78   0x08000a78   0x000000d8   Code   RO         2930    i.USART_Init        stm32f10x_usart.o
    0x08000b50   0x08000b50   0x00000004   Code   RO           22    i.UsageFault_Handler  stm32f10x_it.o
    0x08000b54   0x08000b54   0x00000030   Code   RO         4507    i._SysTick_Config   board.o
    0x08000b84   0x08000b84   0x00000020   Code   RO         5139    i.__0printf$8       mc_w.l(printf8.o)
    0x08000ba4   0x08000ba4   0x0000004c   Code   RO         3765    i.__rt_ffs          kservice.o
    0x08000bf0   0x08000bf0   0x0000000e   Code   RO         5235    i.__scatterload_copy  mc_w.l(handlers.o)
    0x08000bfe   0x08000bfe   0x00000002   Code   RO         5236    i.__scatterload_null  mc_w.l(handlers.o)
    0x08000c00   0x08000c00   0x0000000e   Code   RO         5237    i.__scatterload_zeroinit  mc_w.l(handlers.o)
    0x08000c0e   0x08000c0e   0x00000002   PAD
    0x08000c10   0x08000c10   0x00000014   Code   RO         3499    i._has_defunct_thread  idle.o
    0x08000c24   0x08000c24   0x00000098   Code   RO         4715    i._msh_exec_cmd     msh.o
    0x08000cbc   0x08000cbc   0x00000410   Code   RO         5146    i._printf_core      mc_w.l(printf8.o)
    0x080010cc   0x080010cc   0x00000024   Code   RO         5147    i._printf_post_padding  mc_w.l(printf8.o)
    0x080010f0   0x080010f0   0x0000002e   Code   RO         5148    i._printf_pre_padding  mc_w.l(printf8.o)
    0x0800111e   0x0800111e   0x00000002   PAD
    0x08001120   0x08001120   0x000000d0   Code   RO         4242    i._rt_thread_init   thread.o
    0x080011f0   0x080011f0   0x00000042   Code   RO         4385    i._rt_timer_init    timer.o
    0x08001232   0x08001232   0x0000002e   Code   RO         4386    i._rt_timer_remove  timer.o
    0x08001260   0x08001260   0x000000fc   Code   RO         4559    i.bus_fault_track   cpuport.o
    0x0800135c   0x0800135c   0x00000014   Code   RO         4891    i.clear             user_cmd.o
    0x08001370   0x08001370   0x0000000e   Code   RO         4716    i.cmd_free          msh.o
    0x0800137e   0x0800137e   0x0000000e   Code   RO         4717    i.cmd_ps            msh.o
    0x0800138c   0x0800138c   0x000000bc   Code   RO         3262    i.ctp_ft6236_get_coordinate  ft6236.o
    0x08001448   0x08001448   0x0000002c   Code   RO         3263    i.ctp_ft6236_gpio   ft6236.o
    0x08001474   0x08001474   0x000000d0   Code   RO         3264    i.ctp_ft6236_init   ft6236.o
    0x08001544   0x08001544   0x00000098   Code   RO         3265    i.ctp_ft6236_read_reg  ft6236.o
    0x080015dc   0x080015dc   0x00000030   Code   RO         3266    i.ctp_ft6236_reset  ft6236.o
    0x0800160c   0x0800160c   0x0000002c   Code   RO         3267    i.ctp_ft6236_scan   ft6236.o
    0x08001638   0x08001638   0x00000064   Code   RO         3268    i.ctp_ft6236_writ_reg  ft6236.o
    0x0800169c   0x0800169c   0x00000078   Code   RO         4789    i.finsh_get_prompt  shell.o
    0x08001714   0x08001714   0x00000008   Code   RO         4791    i.finsh_getchar     shell.o
    0x0800171c   0x0800171c   0x00000048   Code   RO         4794    i.finsh_set_prompt_mode  shell.o
    0x08001764   0x08001764   0x00000014   Code   RO         4795    i.finsh_system_function_init  shell.o
    0x08001778   0x08001778   0x0000009c   Code   RO         4796    i.finsh_system_init  shell.o
    0x08001814   0x08001814   0x000004ec   Code   RO         4798    i.finsh_thread_entry  shell.o
    0x08001d00   0x08001d00   0x0000001a   Code   RO         3209    i.fputc             usart.o
    0x08001d1a   0x08001d1a   0x00000002   PAD
    0x08001d1c   0x08001d1c   0x00000080   Code   RO         4560    i.hard_fault_track  cpuport.o
    0x08001d9c   0x08001d9c   0x00000020   Code   RO         4619    i.hello             cmd.o
    0x08001dbc   0x08001dbc   0x00000028   Code   RO         3326    i.i2c_check_event   iic_conf.o
    0x08001de4   0x08001de4   0x000000a0   Code   RO         3327    i.i2c_conf          iic_conf.o
    0x08001e84   0x08001e84   0x0000005c   Code   RO         3328    i.i2c_generate_start  iic_conf.o
    0x08001ee0   0x08001ee0   0x0000000e   Code   RO         3329    i.i2c_generate_stop  iic_conf.o
    0x08001eee   0x08001eee   0x00000002   PAD
    0x08001ef0   0x08001ef0   0x00000058   Code   RO         3330    i.i2c_read_bytes    iic_conf.o
    0x08001f48   0x08001f48   0x00000084   Code   RO         3331    i.i2c_send_7bitAddr  iic_conf.o
    0x08001fcc   0x08001fcc   0x00000054   Code   RO         3332    i.i2c_send_bytes    iic_conf.o
    0x08002020   0x08002020   0x00000068   Code   RO         4620    i.list              cmd.o
    0x08002088   0x08002088   0x00000144   Code   RO         4621    i.list_event        cmd.o
    0x080021cc   0x080021cc   0x0000002a   Code   RO         4622    i.list_find_init    cmd.o
    0x080021f6   0x080021f6   0x00000088   Code   RO         4623    i.list_get_next     cmd.o
    0x0800227e   0x0800227e   0x00000002   PAD
    0x08002280   0x08002280   0x00000078   Code   RO         3957    i.list_mem          mem.o
    0x080022f8   0x080022f8   0x00000110   Code   RO         4624    i.list_mutex        cmd.o
    0x08002408   0x08002408   0x00000138   Code   RO         4625    i.list_sem          cmd.o
    0x08002540   0x08002540   0x000001e4   Code   RO         4626    i.list_thread       cmd.o
    0x08002724   0x08002724   0x00000160   Code   RO         4627    i.list_timer        cmd.o
    0x08002884   0x08002884   0x00000012   Code   RO         3153    i.main              main.o
    0x08002896   0x08002896   0x0000000e   Code   RO         3422    i.main_thread_entry  components.o
    0x080028a4   0x080028a4   0x000000e8   Code   RO         4561    i.mem_manage_fault_track  cpuport.o
    0x0800298c   0x0800298c   0x000000a0   Code   RO         4718    i.msh_auto_complete  msh.o
    0x08002a2c   0x08002a2c   0x0000006c   Code   RO         4719    i.msh_exec          msh.o
    0x08002a98   0x08002a98   0x0000005c   Code   RO         4720    i.msh_get_cmd       msh.o
    0x08002af4   0x08002af4   0x00000080   Code   RO         4721    i.msh_help          msh.o
    0x08002b74   0x08002b74   0x00000004   Code   RO         4722    i.msh_is_used       msh.o
    0x08002b78   0x08002b78   0x000000f0   Code   RO         4723    i.msh_split         msh.o
    0x08002c68   0x08002c68   0x0000001c   Code   RO         3210    i.my_getc           usart.o
    0x08002c84   0x08002c84   0x0000001c   Code   RO         3211    i.my_putc           usart.o
    0x08002ca0   0x08002ca0   0x0000001c   Code   RO         4628    i.object_split      cmd.o
    0x08002cbc   0x08002cbc   0x0000010c   Code   RO         3958    i.plug_holes        mem.o
    0x08002dc8   0x08002dc8   0x00000198   Code   RO         3767    i.print_number      kservice.o
    0x08002f60   0x08002f60   0x0000000c   Code   RO         4892    i.reboot            user_cmd.o
    0x08002f6c   0x08002f6c   0x00000050   Code   RO         3423    i.rt_application_init  components.o
    0x08002fbc   0x08002fbc   0x00000074   Code   RO         3768    i.rt_assert_handler  kservice.o
    0x08003030   0x08003030   0x00000022   Code   RO         3959    i.rt_calloc         mem.o
    0x08003052   0x08003052   0x00000002   PAD
    0x08003054   0x08003054   0x0000001c   Code   RO         3424    i.rt_components_board_init  components.o
    0x08003070   0x08003070   0x0000001c   Code   RO         3425    i.rt_components_init  components.o
    0x0800308c   0x0800308c   0x00000020   Code   RO         4163    i.rt_enter_critical  scheduler.o
    0x080030ac   0x080030ac   0x00000044   Code   RO         4164    i.rt_exit_critical  scheduler.o
    0x080030f0   0x080030f0   0x0000020c   Code   RO         3960    i.rt_free           mem.o
    0x080032fc   0x080032fc   0x00000008   Code   RO         4508    i.rt_heap_begin_get  board.o
    0x08003304   0x08003304   0x00000008   Code   RO         4509    i.rt_heap_end_get   board.o
    0x0800330c   0x0800330c   0x00000044   Code   RO         4510    i.rt_hw_board_init  board.o
    0x08003350   0x08003350   0x00000008   Code   RO         4511    i.rt_hw_console_getchar  board.o
    0x08003358   0x08003358   0x00000034   Code   RO         4512    i.rt_hw_console_output  board.o
    0x0800338c   0x0800338c   0x00000010   Code   RO         4562    i.rt_hw_cpu_reset   cpuport.o
    0x0800339c   0x0800339c   0x00000208   Code   RO         4565    i.rt_hw_hard_fault_exception  cpuport.o
    0x080035a4   0x080035a4   0x0000004c   Code   RO         4566    i.rt_hw_stack_init  cpuport.o
    0x080035f0   0x080035f0   0x00000038   Code   RO         3726    i.rt_interrupt_enter  irq.o
    0x08003628   0x08003628   0x0000000c   Code   RO         3728    i.rt_interrupt_get_nest  irq.o
    0x08003634   0x08003634   0x00000038   Code   RO         3729    i.rt_interrupt_leave  irq.o
    0x0800366c   0x0800366c   0x00000018   Code   RO         3559    i.rt_ipc_list_resume  ipc.o
    0x08003684   0x08003684   0x0000006c   Code   RO         3561    i.rt_ipc_list_suspend  ipc.o
    0x080036f0   0x080036f0   0x00000010   Code   RO         3562    i.rt_ipc_object_init  ipc.o
    0x08003700   0x08003700   0x00000030   Code   RO         3773    i.rt_kprintf        kservice.o
    0x08003730   0x08003730   0x00000006   Code   RO         4165    i.rt_list_init      scheduler.o
    0x08003736   0x08003736   0x00000006   Code   RO         4387    i.rt_list_init      timer.o
    0x0800373c   0x0800373c   0x0000000e   Code   RO         4055    i.rt_list_insert_after  object.o
    0x0800374a   0x0800374a   0x0000000e   Code   RO         4243    i.rt_list_insert_after  thread.o
    0x08003758   0x08003758   0x0000000e   Code   RO         4388    i.rt_list_insert_after  timer.o
    0x08003766   0x08003766   0x0000000e   Code   RO         3563    i.rt_list_insert_before  ipc.o
    0x08003774   0x08003774   0x00000010   Code   RO         3564    i.rt_list_isempty   ipc.o
    0x08003784   0x08003784   0x00000010   Code   RO         4389    i.rt_list_isempty   timer.o
    0x08003794   0x08003794   0x00000010   Code   RO         4629    i.rt_list_isempty   cmd.o
    0x080037a4   0x080037a4   0x00000014   Code   RO         4630    i.rt_list_len       cmd.o
    0x080037b8   0x080037b8   0x00000012   Code   RO         4056    i.rt_list_remove    object.o
    0x080037ca   0x080037ca   0x00000012   Code   RO         4244    i.rt_list_remove    thread.o
    0x080037dc   0x080037dc   0x000002bc   Code   RO         3962    i.rt_malloc         mem.o
    0x08003a98   0x08003a98   0x00000042   Code   RO         3778    i.rt_memmove        kservice.o
    0x08003ada   0x08003ada   0x00000048   Code   RO         3779    i.rt_memset         kservice.o
    0x08003b22   0x08003b22   0x00000002   PAD
    0x08003b24   0x08003b24   0x000000ec   Code   RO         4057    i.rt_object_allocate  object.o
    0x08003c10   0x08003c10   0x000000a0   Code   RO         4059    i.rt_object_delete  object.o
    0x08003cb0   0x08003cb0   0x0000005c   Code   RO         4060    i.rt_object_detach  object.o
    0x08003d0c   0x08003d0c   0x00000028   Code   RO         4063    i.rt_object_get_information  object.o
    0x08003d34   0x08003d34   0x00000034   Code   RO         4064    i.rt_object_get_type  object.o
    0x08003d68   0x08003d68   0x000000b4   Code   RO         4065    i.rt_object_init    object.o
    0x08003e1c   0x08003e1c   0x0000003c   Code   RO         4066    i.rt_object_is_systemobject  object.o
    0x08003e58   0x08003e58   0x000000a4   Code   RO         4166    i.rt_schedule       scheduler.o
    0x08003efc   0x08003efc   0x0000007c   Code   RO         4167    i.rt_schedule_insert_thread  scheduler.o
    0x08003f78   0x08003f78   0x00000080   Code   RO         4168    i.rt_schedule_remove_thread  scheduler.o
    0x08003ff8   0x08003ff8   0x0000006c   Code   RO         3576    i.rt_sem_init       ipc.o
    0x08004064   0x08004064   0x00000090   Code   RO         3577    i.rt_sem_release    ipc.o
    0x080040f4   0x080040f4   0x000001a4   Code   RO         3578    i.rt_sem_take       ipc.o
    0x08004298   0x08004298   0x000000b0   Code   RO         3781    i.rt_show_version   kservice.o
    0x08004348   0x08004348   0x00000012   Code   RO         3787    i.rt_strlen         kservice.o
    0x0800435a   0x0800435a   0x00000034   Code   RO         3789    i.rt_strncpy        kservice.o
    0x0800438e   0x0800438e   0x00000002   PAD
    0x08004390   0x08004390   0x00000154   Code   RO         3966    i.rt_system_heap_init  mem.o
    0x080044e4   0x080044e4   0x00000050   Code   RO         4170    i.rt_system_scheduler_init  scheduler.o
    0x08004534   0x08004534   0x00000030   Code   RO         4171    i.rt_system_scheduler_start  scheduler.o
    0x08004564   0x08004564   0x0000001c   Code   RO         4390    i.rt_system_timer_init  timer.o
    0x08004580   0x08004580   0x00000002   Code   RO         4391    i.rt_system_timer_thread_init  timer.o
    0x08004582   0x08004582   0x00000050   Code   RO         4246    i.rt_thread_create  thread.o
    0x080045d2   0x080045d2   0x00000002   PAD
    0x080045d4   0x080045d4   0x00000058   Code   RO         4250    i.rt_thread_exit    thread.o
    0x0800462c   0x0800462c   0x00000028   Code   RO         3501    i.rt_thread_idle_entry  idle.o
    0x08004654   0x08004654   0x000000e8   Code   RO         3502    i.rt_thread_idle_excute  idle.o
    0x0800473c   0x0800473c   0x0000003c   Code   RO         3504    i.rt_thread_idle_init  idle.o
    0x08004778   0x08004778   0x0000007c   Code   RO         4252    i.rt_thread_init    thread.o
    0x080047f4   0x080047f4   0x00000014   Code   RO         4254    i.rt_thread_mdelay  thread.o
    0x08004808   0x08004808   0x0000009c   Code   RO         4255    i.rt_thread_resume  thread.o
    0x080048a4   0x080048a4   0x0000000c   Code   RO         4257    i.rt_thread_self    thread.o
    0x080048b0   0x080048b0   0x00000084   Code   RO         4258    i.rt_thread_sleep   thread.o
    0x08004934   0x08004934   0x000000c4   Code   RO         4259    i.rt_thread_startup  thread.o
    0x080049f8   0x080049f8   0x000000a4   Code   RO         4260    i.rt_thread_suspend  thread.o
    0x08004a9c   0x08004a9c   0x000000b4   Code   RO         4262    i.rt_thread_timeout  thread.o
    0x08004b50   0x08004b50   0x00000064   Code   RO         4263    i.rt_thread_yield   thread.o
    0x08004bb4   0x08004bb4   0x00000038   Code   RO         3381    i.rt_tick_from_millisecond  clock.o
    0x08004bec   0x08004bec   0x0000000c   Code   RO         3382    i.rt_tick_get       clock.o
    0x08004bf8   0x08004bf8   0x00000030   Code   RO         3383    i.rt_tick_increase  clock.o
    0x08004c28   0x08004c28   0x000000b4   Code   RO         4392    i.rt_timer_check    timer.o
    0x08004cdc   0x08004cdc   0x000000b8   Code   RO         4393    i.rt_timer_control  timer.o
    0x08004d94   0x08004d94   0x000000d4   Code   RO         4396    i.rt_timer_detach   timer.o
    0x08004e68   0x08004e68   0x00000054   Code   RO         4399    i.rt_timer_init     timer.o
    0x08004ebc   0x08004ebc   0x000001c0   Code   RO         4402    i.rt_timer_start    timer.o
    0x0800507c   0x0800507c   0x000000c0   Code   RO         4403    i.rt_timer_stop     timer.o
    0x0800513c   0x0800513c   0x00000330   Code   RO         3792    i.rt_vsnprintf      kservice.o
    0x0800546c   0x0800546c   0x00000004   Code   RO         3426    i.rti_board_end     components.o
    0x08005470   0x08005470   0x00000004   Code   RO         3427    i.rti_board_start   components.o
    0x08005474   0x08005474   0x00000004   Code   RO         3428    i.rti_end           components.o
    0x08005478   0x08005478   0x00000004   Code   RO         3429    i.rti_start         components.o
    0x0800547c   0x0800547c   0x0000002a   Code   RO         3430    i.rtthread_startup  components.o
    0x080054a6   0x080054a6   0x00000002   PAD
    0x080054a8   0x080054a8   0x00000038   Code   RO         4799    i.shell_auto_complete  shell.o
    0x080054e0   0x080054e0   0x00000030   Code   RO         4800    i.shell_handle_history  shell.o
    0x08005510   0x08005510   0x000000d8   Code   RO         4801    i.shell_push_history  shell.o
    0x080055e8   0x080055e8   0x00000030   Code   RO         4631    i.show_wait_queue   cmd.o
    0x08005618   0x08005618   0x00000026   Code   RO         3794    i.skip_atoi         kservice.o
    0x0800563e   0x0800563e   0x00000020   Code   RO         4724    i.str_common        msh.o
    0x0800565e   0x0800565e   0x00000002   PAD
    0x08005660   0x08005660   0x000000e8   Code   RO         4567    i.usage_fault_track  cpuport.o
    0x08005748   0x08005748   0x00000050   Code   RO         3212    i.usart_gpio        usart.o
    0x08005798   0x08005798   0x0000003e   Code   RO         3213    i.usart_init        usart.o
    0x080057d6   0x080057d6   0x0000000a   Code   RO         4632    i.version           cmd.o
    0x080057e0   0x080057e0   0x00000014   Data   RO         3431    .constdata          components.o
    0x080057f4   0x080057f4   0x00000016   Data   RO         3507    .constdata          idle.o
    0x0800580a   0x0800580a   0x00000139   Data   RO         3580    .constdata          ipc.o
    0x08005943   0x08005943   0x00000122   Data   RO         3796    .constdata          kservice.o
    0x08005a65   0x08005a65   0x0000003c   Data   RO         3968    .constdata          mem.o
    0x08005aa1   0x08005aa1   0x00000080   Data   RO         4071    .constdata          object.o
    0x08005b21   0x08005b21   0x00000034   Data   RO         4173    .constdata          scheduler.o
    0x08005b55   0x08005b55   0x000000b9   Data   RO         4264    .constdata          thread.o
    0x08005c0e   0x08005c0e   0x0000005c   Data   RO         4404    .constdata          timer.o
    0x08005c6a   0x08005c6a   0x0000000e   Data   RO         4725    .constdata          msh.o
    0x08005c78   0x08005c78   0x0000004a   Data   RO         4803    .constdata          shell.o
    0x08005cc2   0x08005cc2   0x00000002   PAD
    0x08005cc4   0x08005cc4   0x00000045   Data   RO         3581    .conststring        ipc.o
    0x08005d09   0x08005d09   0x00000003   PAD
    0x08005d0c   0x08005d0c   0x000000ed   Data   RO         3969    .conststring        mem.o
    0x08005df9   0x08005df9   0x00000003   PAD
    0x08005dfc   0x08005dfc   0x00000042   Data   RO         4265    .conststring        thread.o
    0x08005e3e   0x08005e3e   0x00000002   PAD
    0x08005e40   0x08005e40   0x00000044   Data   RO         4633    .conststring        cmd.o
    0x08005e84   0x08005e84   0x00000027   Data   RO         3971    .rodata.name        mem.o
    0x08005eab   0x08005eab   0x000001e3   Data   RO         4634    .rodata.name        cmd.o
    0x0800608e   0x0800608e   0x00000076   Data   RO         4726    .rodata.name        msh.o
    0x08006104   0x08006104   0x0000003e   Data   RO         4893    .rodata.name        user_cmd.o
    0x08006142   0x08006142   0x00000002   PAD
    0x08006144   0x08006144   0x00000004   Data   RO         3432    .rti_fn.0           components.o
    0x08006148   0x08006148   0x00000004   Data   RO         3433    .rti_fn.0.end       components.o
    0x0800614c   0x0800614c   0x00000004   Data   RO         3434    .rti_fn.1.end       components.o
    0x08006150   0x08006150   0x00000004   Data   RO         4805    .rti_fn.6           shell.o
    0x08006154   0x08006154   0x00000004   Data   RO         3435    .rti_fn.6.end       components.o
    0x08006158   0x08006158   0x0000000c   Data   RO         3972    FSymTab             mem.o
    0x08006164   0x08006164   0x000000a8   Data   RO         4635    FSymTab             cmd.o
    0x0800620c   0x0800620c   0x00000024   Data   RO         4727    FSymTab             msh.o
    0x08006230   0x08006230   0x00000018   Data   RO         4894    FSymTab             user_cmd.o
    0x08006248   0x08006248   0x00000020   Data   RO         5233    Region$$Table       anon$$obj.o


    Execution Region RW_IRAM1 (Exec base: 0x20000000, Load base: 0x08006268, Size: 0x00003120, Max: 0x00005000, ABSOLUTE, COMPRESSED[0x0000004c])

    Exec Addr    Load Addr    Size         Type   Attr      Idx    E Section Name        Object

    0x20000000   COMPRESSED   0x00000014   Data   RW          149    .data               system_stm32f10x.o
    0x20000014   COMPRESSED   0x00000014   Data   RW         1783    .data               stm32f10x_rcc.o
    0x20000028   COMPRESSED   0x00000002   Data   RW         3270    .data               ft6236.o
    0x2000002a   COMPRESSED   0x00000006   Data   RW         3334    .data               iic_conf.o
    0x20000030   COMPRESSED   0x00000004   Data   RW         3385    .data               clock.o
    0x20000034   COMPRESSED   0x00000009   Data   RW         3731    .data               irq.o
    0x2000003d   COMPRESSED   0x00000003   PAD
    0x20000040   COMPRESSED   0x00000008   Data   RW         3797    .data               kservice.o
    0x20000048   COMPRESSED   0x00000020   Data   RW         3970    .data               mem.o
    0x20000068   COMPRESSED   0x00000064   Data   RW         4072    .data               object.o
    0x200000cc   COMPRESSED   0x0000001c   Data   RW         4174    .data               scheduler.o
    0x200000e8   COMPRESSED   0x0000000c   Data   RW         4266    .data               thread.o
    0x200000f4   COMPRESSED   0x00000014   Data   RW         4405    .data               timer.o
    0x20000108   COMPRESSED   0x00000010   Data   RW         4569    .data               cpuport.o
    0x20000118   COMPRESSED   0x00000018   Data   RW         4804    .data               shell.o
    0x20000130   COMPRESSED   0x00000004   Data   RW         5207    .data               mc_w.l(stdout.o)
    0x20000134        -       0x0000000c   Zero   RW         3269    .bss                ft6236.o
    0x20000140        -       0x00000010   Zero   RW         3333    .bss                iic_conf.o
    0x20000150        -       0x000001a0   Zero   RW         3506    .bss                idle.o
    0x200002f0        -       0x00000080   Zero   RW         3795    .bss                kservice.o
    0x20000370        -       0x00000028   Zero   RW         3967    .bss                mem.o
    0x20000398        -       0x00000100   Zero   RW         4172    .bss                scheduler.o
    0x20000498        -       0x00002800   Zero   RW         4513    .bss                board.o
    0x20002c98        -       0x00000081   Zero   RW         4802    .bss                shell.o
    0x20002d19   COMPRESSED   0x00000007   PAD
    0x20002d20        -       0x00000400   Zero   RW          179    STACK               startup_stm32f10x_md.o


==============================================================================

Image component sizes


      Code (inc. data)   RO Data    RW Data    ZI Data      Debug   Object Name

       208         22          0          0      10240       4566   board.o
       116         12          0          4          0       1752   clock.o
      2180        754        719          0          0      16170   cmd.o
       218         50         36          0          0       5888   components.o
       244         26          0          0          0        756   context_rvds.o
         0          0          0          0          0       4548   core_cm3.o
      1456        732          0         16          0       5656   cpuport.o
       784         84          0          2         12       5970   ft6236.o
       352         84         22          0        416       5842   idle.o
       610        138          0          6         16       5384   iic_conf.o
       850        202        382          0          0      21303   ipc.o
       124         26          0          9          0       2174   irq.o
      1886        224        290          8        128      10260   kservice.o
        18          0          0          0          0       7625   main.o
      1986        754        348         32         40       6880   mem.o
       944        180        168          0          0       8416   msh.o
       852        284        128        100          0      10450   object.o
       650        144         52         28        256       8654   scheduler.o
      1956        200         78         24        129      13746   shell.o
        36          8        236          0       1024        772   startup_stm32f10x_md.o
       278          0          0          0          0       1852   stm32f10x_gpio.o
       392         14          0          0          0       5527   stm32f10x_i2c.o
        18          0          0          0          0     235039   stm32f10x_it.o
       276         32          0         20          0       4194   stm32f10x_rcc.o
       354          6          0          0          0       3991   stm32f10x_usart.o
       492         50          0         20          0       2633   system_stm32f10x.o
      1492        402        251         12          0      15818   thread.o
      1478        484         92         20          0      12307   timer.o
       256         20          0          0          0       4381   usart.o
        32          8         86          0          0       1999   user_cmd.o

    ----------------------------------------------------------------------
     20560       4940       2932        304      12268     434553   Object Totals
         0          0         32          0          0          0   (incl. Generated)
        22          0         12          3          7          0   (incl. Padding)

    ----------------------------------------------------------------------

      Code (inc. data)   RO Data    RW Data    ZI Data      Debug   Library Member Name

        86          0          0          0          0          0   __dczerorl2.o
         0          0          0          0          0          0   entry.o
         0          0          0          0          0          0   entry10a.o
         0          0          0          0          0          0   entry11a.o
         8          4          0          0          0          0   entry2.o
         4          0          0          0          0          0   entry5.o
         0          0          0          0          0          0   entry7b.o
         0          0          0          0          0          0   entry8b.o
         8          4          0          0          0          0   entry9a.o
        30          0          0          0          0          0   handlers.o
        36          8          0          0          0         68   init.o
        30          0          0          0          0         68   llshl.o
        32          0          0          0          0         68   llushr.o
        26          0          0          0          0         80   memcmp.o
        36          0          0          0          0         68   memcpya.o
        36          0          0          0          0        108   memseta.o
      1154         54          0          0          0        352   printf8.o
         0          0          0          4          0          0   stdout.o
        24          0          0          0          0         68   strcat.o
        18          0          0          0          0         68   strcpy.o
        14          0          0          0          0         68   strlen.o
        30          0          0          0          0         80   strncmp.o
        24          0          0          0          0         76   strncpy.o
        98          0          0          0          0         92   uldiv.o

    ----------------------------------------------------------------------
      1700         70          0          4          0       1264   Library Totals
         6          0          0          0          0          0   (incl. Padding)

    ----------------------------------------------------------------------

      Code (inc. data)   RO Data    RW Data    ZI Data      Debug   Library Name

      1694         70          0          4          0       1264   mc_w.l

    ----------------------------------------------------------------------
      1700         70          0          4          0       1264   Library Totals

    ----------------------------------------------------------------------

==============================================================================


      Code (inc. data)   RO Data    RW Data    ZI Data      Debug   

     22260       5010       2932        308      12268     426013   Grand Totals
     22260       5010       2932         76      12268     426013   ELF Image Totals (compressed)
     22260       5010       2932         76          0          0   ROM Totals

==============================================================================

    Total RO  Size (Code + RO Data)                25192 (  24.60kB)
    Total RW  Size (RW Data + ZI Data)             12576 (  12.28kB)
    Total ROM Size (Code + RO Data + RW Data)      25268 (  24.68kB)

==============================================================================

